******************************************************************************
               TMS320C6x Linker PC v7.2.1                      
******************************************************************************
>> Linked Sat Oct 26 21:14:30 2013

OUTPUT FILE NAME:   <osekMOS_UCOSII.out>
ENTRY POINT SYMBOL: "_c_int00"  address: 80019d80


MEMORY CONFIGURATION

         name            origin    length      used     unused   attr    fill
----------------------  --------  ---------  --------  --------  ----  --------
  L2_SHARED             00800000   00080000  000401e4  0003fe1c  RWIX
  MSMC_SHARED           0c000000   00400000  00000000  00400000  RWIX
  CORE0_L2SRAM          10800000   00080000  00000000  00080000  RWIX
  CORE1_L2SRAM          11800000   00080000  00000000  00080000  RWIX
  CORE2_L2SRAM          12800000   00080000  00000000  00080000  RWIX
  CORE3_L2SRAM          13800000   00080000  00000000  00080000  RWIX
  CORE4_L2SRAM          14800000   00080000  00000000  00080000  RWIX
  CORE5_L2SRAM          15800000   00080000  00000000  00080000  RWIX
  CORE6_L2SRAM          16800000   00080000  00000000  00080000  RWIX
  CORE7_L2SRAM          17800000   00080000  00000000  00080000  RWIX
  DDR_SHARED            80000000   20000000  0002f3d4  1ffd0c2c  RWIX


SEGMENT ALLOCATION MAP

run origin  load origin   length   init length attrs members
----------  ----------- ---------- ----------- ----- -------
00800000    00800000    00040120   00000000    rw-
  00800000    00800000    00040000   00000000    rw- .stack
  00840000    00840000    00000120   00000000    rw- .cio
00840120    00840120    000000c4   000000c4    r--
  00840120    00840120    000000c4   000000c4    r-- .switch
80000000    80000000    0001a900   0001a900    r-x
  80000000    80000000    0001a900   0001a900    r-x .text
8001a900    8001a900    0000b46c   00000000    rw-
  8001a900    8001a900    0000b46c   00000000    rw- .far
80025d70    80025d70    00008000   00000000    rw-
  80025d70    80025d70    00008000   00000000    rw- .sysmem
8002dd70    8002dd70    000008d8   000008d8    r--
  8002dd70    8002dd70    000008d8   000008d8    r-- .const
8002e650    8002e650    000007be   000007be    rw-
  8002e650    8002e650    00000798   00000798    rw- .fardata
  8002ede8    8002ede8    00000026   00000026    rw- .neardata
8002ee10    8002ee10    00000048   00000000    rw-
  8002ee10    8002ee10    00000048   00000000    rw- .bss
8002f000    8002f000    00000588   00000588    r-x
  8002f000    8002f000    00000200   00000200    r-x .text:vecs
  8002f200    8002f200    00000388   00000388    r-- .cinit


SECTION ALLOCATION MAP

 output                                  attributes/
section   page    origin      length       input sections
--------  ----  ----------  ----------   ----------------
.stack     0    00800000    00040000     UNINITIALIZED
                  00800000    00000008     rts6600_elf.lib : boot.obj (.stack)
                  00800008    0003fff8     --HOLE--

.cio       0    00840000    00000120     UNINITIALIZED
                  00840000    00000120     rts6600_elf.lib : trgmsg.obj (.cio)

.switch    0    00840120    000000c4     
                  00840120    00000054     c66xx_mpu.obj (.switch:BSP_GetSizeFromSeg)
                  00840174    00000040     c66xx_mpu.obj (.switch:BSP_SetMemAreaNewPerm)
                  008401b4    00000010     OS_FLAG.obj (.switch:OSFlagAccept)
                  008401c4    00000010     OS_FLAG.obj (.switch:OSFlagPend)
                  008401d4    00000010     OS_FLAG.obj (.switch:OSFlagPost)

.text      0    80000000    0001a900     
                  80000000    000032a0     c66xx_mpu.obj (.text)
                  800032a0    00001680     osekMTask.obj (.text)
                  80004920    00001440     osekMRpcKernel.obj (.text)
                  80005d60    00000f40     osekMAlarm.obj (.text)
                  80006ca0    00000ee0     OS_FLAG.obj (.text)
                  80007b80    00000e20     c66xx_cic.obj (.text)
                  800089a0    00000e00     OS_CORE.obj (.text)
                  800097a0    00000d00     OS_TASK.obj (.text)
                  8000a4a0    00000b60     OS_MUTEX.obj (.text)
                  8000b000    00000b20     c66xx_itbl.obj (.text)
                  8000bb20    00000a80     OS_Q.obj (.text)
                  8000c5a0    00000a20     rb_tree.obj (.text)
                  8000cfc0    000008c0     c66xx_corepac.obj (.text)
                  8000d880    00000800     osekMEvent.obj (.text)
                  8000e080    000007a0     c66xx_ipc.obj (.text)
                  8000e820    000005e0     OS_MBOX.obj (.text)
                  8000ee00    000005e0     rts6600_elf.lib : divd.obj (.text:__c6xabi_divd)
                  8000f3e0    000005c0                     : _printfi.obj (.text:_getarg_diouxp)
                  8000f9a0    00000540     osekMCounter.obj (.text)
                  8000fee0    000004e0     OS_SEM.obj (.text)
                  800103c0    000004c0     os_cpu_c.obj (.text)
                  80010880    000004a0     rts6600_elf.lib : _printfi.obj (.text:_setfield)
                  80010d20    00000480                     : _printfi.obj (.text:_printfi)
                  800111a0    00000480     c66xx_timer.obj (.text)
                  80011620    00000420     osekMRpcFunc.obj (.text)
                  80011a40    00000400     OS_MEM.obj (.text)
                  80011e40    000003a0     osekMExecution.obj (.text)
                  800121e0    000003a0     osekMSpinlock.obj (.text)
                  80012580    00000340     c6678_cache.obj (.text)
                  800128c0    00000320     OS_TIME.obj (.text)
                  80012be0    00000320     osekMInterrupt.obj (.text)
                  80012f00    00000300     rts6600_elf.lib : fputs.obj (.text:fputs)
                  80013200    00000300     oskmain.obj (.text)
                  80013500    000002e0     rts6600_elf.lib : _printfi.obj (.text:_pproc_fwp)
                  800137e0    000002e0                     : memory.obj (.text:realloc)
                  80013ac0    000002c0                     : _printfi.obj (.text:_pproc_fge)
                  80013d80    000002c0     c66xx_exception.obj (.text)
                  80014040    000002c0     c66xx_memarea.obj (.text)
                  80014300    000002a0     rts6600_elf.lib : _printfi.obj (.text:fcvt)
                  800145a0    00000280                     : _printfi.obj (.text:ecvt)
                  80014820    00000280                     : memory.obj (.text:free)
                  80014aa0    00000260                     : memory.obj (.text:memalign)
                  80014d00    00000260     ucmain.obj (.text)
                  80014f60    00000240     rts6600_elf.lib : imath64.obj (.text:__c6xabi_divull)
                  800151a0    00000240                     : _printfi.obj (.text:_pconv_e)
                  800153e0    00000220                     : _printfi.obj (.text:_pproc_diouxp)
                  80015600    00000220                     : _printfi.obj (.text:_pproc_str)
                  80015820    00000200                     : _printfi.obj (.text:_pconv_g)
                  80015a20    00000200     c66xx_spinlock.obj (.text)
                  80015c20    000001c0     rts6600_elf.lib : _printfi.obj (.text:_mcpy)
                  80015de0    000001c0                     : fopen.obj (.text:_openfile)
                  80015fa0    000001c0     osekMTarget.obj (.text)
                  80016160    000001a0     rts6600_elf.lib : trgdrv.obj (.text:HOSTrename)
                  80016300    000001a0                     : imath40.obj (.text:__c6xabi_divul)
                  800164a0    000001a0                     : lowlev.obj (.text:add_device)
                  80016640    000001a0                     : memory.obj (.text:malloc)
                  800167e0    000001a0     os_cpu_a.obj (.text)
                  80016980    000001a0     rts6600_elf.lib : setvbuf.obj (.text:setvbuf)
                  80016b20    00000180                     : copy_decompress_rle.obj (.text:__TI_decompress_rle_core)
                  80016ca0    00000180                     : autoinit.obj (.text:_auto_init_elf)
                  80016e20    00000180     c66xx_msmc.obj (.text)
                  80016fa0    00000180     c66xx_regs.obj (.text)
                  80017120    00000180     rts6600_elf.lib : lowlev.obj (.text:open)
                  800172a0    00000160                     : frcmpyd_div.obj (.text:__c6xabi_frcmpyd_div)
                  80017400    00000140                     : _printfi.obj (.text:_pproc_fflags)
                  80017540    00000140                     : fputc.obj (.text:fputc)
                  80017680    00000140                     : lowlev.obj (.text:getdevice)
                  800177c0    00000120                     : imath64.obj (.text:__c6xabi_divlli)
                  800178e0    00000120                     : _printfi.obj (.text:_ltostr)
                  80017a00    00000120                     : fopen.obj (.text:_search_fp)
                  80017b20    00000120     c66xx_init.obj (.text)
                  80017c40    00000120     rts6600_elf.lib : fclose.obj (.text:fclose)
                  80017d60    00000120     osekMKernel.obj (.text)
                  80017e80    00000100     rts6600_elf.lib : trgdrv.obj (.text:HOSTlseek)
                  80017f80    00000100                     : _io_perm.obj (.text:_wrt_ok)
                  80018080    00000100                     : cpy_tbl.obj (.text:copy_in)
                  80018180    00000100                     : fflush.obj (.text:fflush)
                  80018280    00000100                     : trgdrv.obj (.text:getenv)
                  80018380    000000e0                     : trgdrv.obj (.text:HOSTopen)
                  80018460    000000e0                     : strasg.obj (.text:__strasgi)
                  80018540    000000e0                     : _printfi.obj (.text:_div)
                  80018620    000000e0                     : atoi.obj (.text:atoi)
                  80018700    000000e0     c66xx_rpc.obj (.text)
                  800187e0    000000e0     rts6600_elf.lib : lowlev.obj (.text:close)
                  800188c0    000000e0                     : copy_zero_init.obj (.text:decompress:ZI:__TI_zero_init)
                  800189a0    000000e0                     : exit.obj (.text:exit)
                  80018a80    000000c0                     : trgdrv.obj (.text:HOSTread)
                  80018b40    000000c0                     : trgdrv.obj (.text:HOSTunlink)
                  80018c00    000000c0                     : trgdrv.obj (.text:HOSTwrite)
                  80018cc0    000000c0                     : divu.obj (.text:__divu)
                  80018d80    000000c0                     : fopen.obj (.text:_cleanup)
                  80018e40    000000c0                     : fflush.obj (.text:_doflush)
                  80018f00    000000c0                     : _io_perm.obj (.text:_rd_ok)
                  80018fc0    000000c0                     : fseek.obj (.text:fseek)
                  80019080    000000c0                     : lowlev.obj (.text:lseek)
                  80019140    000000c0                     : ltoa.obj (.text:ltoa)
                  80019200    000000c0                     : lowlev.obj (.text:read)
                  800192c0    000000c0                     : lowlev.obj (.text:rename)
                  80019380    000000c0                     : lowlev.obj (.text:write)
                  80019440    000000a0                     : trgdrv.obj (.text:HOSTclock)
                  800194e0    000000a0                     : trgdrv.obj (.text:HOSTclose)
                  80019580    000000a0                     : trgdrv.obj (.text:HOSTtime)
                  80019620    000000a0                     : imath40.obj (.text:__c6xabi_divli)
                  800196c0    000000a0                     : strasg.obj (.text:__strasg)
                  80019760    000000a0                     : _printfi.obj (.text:_ecpy)
                  80019800    000000a0                     : _printfi.obj (.text:_fcpy)
                  800198a0    000000a0                     : _printfi.obj (.text:_pconv_f)
                  80019940    000000a0                     : lowlev.obj (.text:finddevice)
                  800199e0    000000a0                     : memory.obj (.text:minsert)
                  80019a80    000000a0                     : memory.obj (.text:mremove)
                  80019b20    000000a0                     : lowlev.obj (.text:remove_device)
                  80019bc0    000000a0     string.obj (.text)
                  80019c60    000000a0     rts6600_elf.lib : lowlev.obj (.text:tabinit)
                  80019d00    00000080                     : llshift.obj (.text:__c6xabi_llshl)
                  80019d80    00000080                     : boot.obj (.text:_c_int00)
                  80019e00    00000080                     : memory.obj (.text:_minit)
                  80019e80    00000080                     : memory.obj (.text:calloc)
                  80019f00    00000080     ex_test.obj (.text)
                  80019f80    00000080     rts6600_elf.lib : fopen.obj (.text:freopen)
                  8001a000    00000080                     : printf.obj (.text:printf)
                  8001a080    00000080                     : trgmsg.obj (.text:readmsg)
                  8001a100    00000080                     : lowlev.obj (.text:unlink)
                  8001a180    00000060                     : llshift.obj (.text:__c6xabi_llshr)
                  8001a1e0    00000060                     : llshift.obj (.text:__c6xabi_llshru)
                  8001a240    00000060                     : imath64.obj (.text:__c6xabi_remlli)
                  8001a2a0    00000060                     : imath64.obj (.text:__c6xabi_remull)
                  8001a300    00000060                     : imath64.obj (.text:_subcull)
                  8001a360    00000060                     : fopen.obj (.text:fopen)
                  8001a3c0    00000060                     : memccpy.obj (.text:memccpy)
                  8001a420    00000060                     : trgmsg.obj (.text:writemsg)
                  8001a480    00000040                     : isinf.obj (.text:__c6xabi_isinf)
                  8001a4c0    00000040                     : _printfi.obj (.text:__c6xabi_isnan)
                  8001a500    00000040                     : divd.obj (.text:__c6xabi_isnan)
                  8001a540    00000040                     : imath40.obj (.text:__c6xabi_remli)
                  8001a580    00000040                     : imath40.obj (.text:__c6xabi_remul)
                  8001a5c0    00000040                     : strasg.obj (.text:__strasgi_64plus)
                  8001a600    00000040                     : args_main.obj (.text:_args_main)
                  8001a640    00000040                     : abs.obj (.text:llabs)
                  8001a680    00000040     osekMHook.obj (.text)
                  8001a6c0    00000040     rts6600_elf.lib : fputs.obj (.text:puts)
                  8001a700    00000020                     : negll.obj (.text:__c6xabi_negll)
                  8001a720    00000020                     : tdeh_init.obj (.text:__tdeh_init)
                  8001a740    00000020                     : _lock.obj (.text:_nop)
                  8001a760    00000020                     : printf.obj (.text:_outc)
                  8001a780    00000020                     : printf.obj (.text:_outs)
                  8001a7a0    00000020                     : _lock.obj (.text:_register_lock)
                  8001a7c0    00000020                     : _lock.obj (.text:_register_unlock)
                  8001a7e0    00000020                     : exit.obj (.text:abort)
                  8001a800    00000020                     : abs.obj (.text:abs)
                  8001a820    00000020     c66xx_vectors.obj (.text)
                  8001a840    00000020     rts6600_elf.lib : copy_decompress_none.obj (.text:decompress:none:__TI_decompress_none)
                  8001a860    00000020                     : copy_decompress_rle.obj (.text:decompress:rle24:__TI_decompress_rle24)
                  8001a880    00000020                     : copy_decompress_rle.obj (.text:decompress:rle:__TI_decompress_rle)
                  8001a8a0    00000020                     : lowlev.obj (.text:find_registered_device)
                  8001a8c0    00000020                     : abs.obj (.text:labs)
                  8001a8e0    00000020                     : fputc.obj (.text:putchar)

.far       0    8001a900    0000b46c     UNINITIALIZED
                  8001a900    00004000     osekMInterrupt.obj (.far)
                  8001e900    00003750     cfg.obj (.far)
                  80022050    00001800     ucmain.obj (.far)
                  80023850    00001440     OS_CORE.obj (.far)
                  80024c90    00000a10     c66xx_mpu.obj (.far)
                  800256a0    000001e0     c66xx_timer.obj (.far)
                  80025880    00000140     osekMKernel.obj (.far)
                  800259c0    000000d8     rts6600_elf.lib : trgdrv.obj (.far)
                  80025a98    00000008     --HOLE--
                  80025aa0    000000a0     c66xx_ipc.obj (.far)
                  80025b40    000000a0     rts6600_elf.lib : defs.obj (.far)
                  80025be0    00000088     c66xx_cic.obj (.far)
                  80025c68    00000008     --HOLE--
                  80025c70    00000080     c66xx_corepac.obj (.far)
                  80025cf0    00000040     c66xx_rpc.obj (.far)
                  80025d30    0000003c     c6678_cache.obj (.far)

.sysmem    0    80025d70    00008000     UNINITIALIZED
                  80025d70    00000008     rts6600_elf.lib : memory.obj (.sysmem)
                  80025d78    00007ff8     --HOLE--

.const     0    8002dd70    000008d8     
                  8002dd70    00000108     c66xx_corepac.obj (.const:.string)
                  8002de78    00000008     c66xx_mpu.obj (.const)
                  8002de80    00000101     rts6600_elf.lib : ctype.obj (.const:_ctypes_)
                  8002df81    00000002                     : fputs.obj (.const:.string)
                  8002df83    0000000d     --HOLE-- [fill = 0]
                  8002df90    00000100     OS_CORE.obj (.const:OSUnMapTbl)
                  8002e090    000000f8     oskmain.obj (.const:.string)
                  8002e188    000000cc     ucmain.obj (.const:.string)
                  8002e254    00000094     c66xx_ipc.obj (.const:.string)
                  8002e2e8    00000078     c66xx_init.obj (.const:.string)
                  8002e360    00000070     osekMRpcKernel.obj (.const:.string)
                  8002e3d0    00000068     c66xx_cic.obj (.const:.string)
                  8002e438    00000064     c66xx_timer.obj (.const:.string)
                  8002e49c    00000064     osekMRpcFunc.obj (.const:.string)
                  8002e500    0000003c     os_cpu_c.obj (.const:.string)
                  8002e53c    00000038     osekMExecution.obj (.const:.string)
                  8002e574    0000002c     OS_CORE.obj (.const:.string)
                  8002e5a0    00000028     c66xx_exception.obj (.const:.string)
                  8002e5c8    00000028     osekMTask.obj (.const:.string)
                  8002e5f0    00000023     rts6600_elf.lib : _printfi.obj (.const:.string)
                  8002e613    00000001     --HOLE-- [fill = 0]
                  8002e614    00000014     c66xx_spinlock.obj (.const:.string)
                  8002e628    00000008     --HOLE-- [fill = 0]
                  8002e630    00000008     OS_CORE.obj (.const:OSMapTbl)
                  8002e638    00000008     --HOLE-- [fill = 0]
                  8002e640    00000008     rts6600_elf.lib : divd.obj (.const:initial_approx$1)

.fardata   0    8002e650    00000798     
                  8002e650    00000100     cfg.obj (.fardata:osekConfig_InterruptEntryTable)
                  8002e750    00000100     osekMTask.obj (.fardata:osekTask_PriorityIndexTable)
                  8002e850    000000f0     rts6600_elf.lib : defs.obj (.fardata:_ftable)
                  8002e940    00000078                     : lowlev.obj (.fardata:_device)
                  8002e9b8    00000008                     : _lock.obj (.fardata)
                  8002e9c0    00000070     cfg.obj (.fardata:osekKernel_coreTasks)
                  8002ea30    00000060     cfg.obj (.fardata:coreRpcFunc)
                  8002ea90    00000050     rts6600_elf.lib : lowlev.obj (.fardata:_stream)
                  8002eae0    00000050     cfg.obj (.fardata:core0_taskConfig_table)
                  8002eb30    00000050     cfg.obj (.fardata:core3_taskConfig_table)
                  8002eb80    00000040     cfg.obj (.fardata:osekConfig_InterruptTypeTable)
                  8002ebc0    0000003c     cfg.obj (.fardata:core1_taskConfig_table)
                  8002ebfc    00000004     rts6600_elf.lib : defs.obj (.fardata)
                  8002ec00    0000003c     cfg.obj (.fardata:core2_taskConfig_table)
                  8002ec3c    00000004     rts6600_elf.lib : fopen.obj (.fardata)
                  8002ec40    00000030     cfg.obj (.fardata:osekKernel_coreAlarms)
                  8002ec70    00000030     cfg.obj (.fardata:osekKernel_coreCounters)
                  8002eca0    00000028     cfg.obj (.fardata:osekTask_tasksMap)
                  8002ecc8    00000024     c66xx_corepac.obj (.fardata)
                  8002ecec    00000004     rts6600_elf.lib : lowlev.obj (.fardata)
                  8002ecf0    00000018     cfg.obj (.fardata:core0_almControl_table)
                  8002ed08    00000008     --HOLE--
                  8002ed10    00000018     cfg.obj (.fardata:core0_counterCfg_table)
                  8002ed28    00000008     --HOLE--
                  8002ed30    00000018     cfg.obj (.fardata:core1_almControl_table)
                  8002ed48    00000008     --HOLE--
                  8002ed50    00000018     cfg.obj (.fardata:core3_almControl_table)
                  8002ed68    00000008     --HOLE--
                  8002ed70    00000018     cfg.obj (.fardata:osekAlarm_alarmsMap)
                  8002ed88    00000008     --HOLE--
                  8002ed90    00000013     cfg.obj (.fardata:coreSpinlocks)
                  8002eda3    00000001     --HOLE--
                  8002eda4    0000000c     rts6600_elf.lib : exit.obj (.fardata)
                  8002edb0    0000000c     cfg.obj (.fardata:core1_counterCfg_table)
                  8002edbc    00000004     --HOLE--
                  8002edc0    0000000c     cfg.obj (.fardata:core2_counterCfg_table)
                  8002edcc    00000004     --HOLE--
                  8002edd0    0000000c     cfg.obj (.fardata:core3_counterCfg_table)
                  8002eddc    0000000c     rts6600_elf.lib : memory.obj (.fardata)

.neardata 
*          0    8002ede8    00000026     
                  8002ede8    0000000c     oskmain.obj (.neardata)
                  8002edf4    00000009     osekMHook.obj (.neardata)
                  8002edfd    00000003     --HOLE--
                  8002ee00    00000004     c66xx_ipc.obj (.neardata)
                  8002ee04    00000004     c66xx_msmc.obj (.neardata)
                  8002ee08    00000003     osekMExecution.obj (.neardata)
                  8002ee0b    00000001     --HOLE--
                  8002ee0c    00000002     c66xx_mpu.obj (.neardata)

.rodata    0    8002ee0e    00000000     UNINITIALIZED

.bss       0    8002ee10    00000048     UNINITIALIZED
                  8002ee10    00000044     OS_CORE.obj (.bss)
                  8002ee54    00000004     os_cpu_c.obj (.bss)

.text:vecs 
*          0    8002f000    00000200     
                  8002f000    00000200     c66xx_vectors.obj (.text:vecs)

.cinit     0    8002f200    00000388     
                  8002f200    0000033b     (.cinit..fardata.load) [load image, compression = rle]
                  8002f53b    00000001     --HOLE-- [fill = 0]
                  8002f53c    0000000f     (.cinit..neardata.load) [load image, compression = rle]
                  8002f54b    00000001     --HOLE-- [fill = 0]
                  8002f54c    0000000c     (__TI_handler_table)
                  8002f558    00000008     (.cinit..bss.load) [load image, compression = zero_init]
                  8002f560    00000008     (.cinit..far.load) [load image, compression = zero_init]
                  8002f568    00000020     (__TI_cinit_table)


LINKER GENERATED COPY TABLES

__TI_cinit_table @ 8002f568 records: 4, size/record: 8, table size: 32
	.fardata: load addr=8002f200, load size=0000033b bytes, run addr=8002e650, run size=00000798 bytes, compression=rle
	.neardata: load addr=8002f53c, load size=0000000f bytes, run addr=8002ede8, run size=00000026 bytes, compression=rle
	.bss: load addr=8002f558, load size=00000008 bytes, run addr=8002ee10, run size=00000048 bytes, compression=zero_init
	.far: load addr=8002f560, load size=00000008 bytes, run addr=8001a900, run size=0000b46c bytes, compression=zero_init


LINKER GENERATED HANDLER TABLE

__TI_handler_table @ 8002f54c records: 3, size/record: 4, table size: 12
	index: 0, handler: __TI_zero_init
	index: 1, handler: __TI_decompress_rle24
	index: 2, handler: __TI_decompress_none


GLOBAL SYMBOLS: SORTED ALPHABETICALLY BY Name 

address    name
--------   ----
8001146c   AckTimerInt
80003b18   ActivateTask
80013e54   BSP_AckDspInterrupt
8000e5ac   BSP_AckIpc
80016ea8   BSP_AllocFreeShareMemory
80016e20   BSP_AllocShareMemoryById
80017b34   BSP_ArchInit
80015b94   BSP_ClearAllSpinlock
80013f4c   BSP_ClearDspInterrupt
80013fa8   BSP_ClearDspInterruptAll
800030b8   BSP_CreatNewXMPArea
80013df4   BSP_DisableDspInterrupt
80017068   BSP_DisableIer
80017008   BSP_DisableInt
800170e4   BSP_DisableIntIrqSave
8000e5d8   BSP_DoIpc
8000e7c8   BSP_DoIpcSimple
80013d94   BSP_EnableDspInterrupt
8001704c   BSP_EnableIer
80017018   BSP_EnableInt
800170ec   BSP_EnableIntIrqRestore
80016f14   BSP_FreeShareMemory
800001b4   BSP_FreeXmpMemArea
800115c4   BSP_GetC6xTimer
80007b80   BSP_GetCicChip
8000d784   BSP_GetCurCombineAllState
8000d6e8   BSP_GetCurCombineState
8000d594   BSP_GetCurCorepac
8000d570   BSP_GetCurCorepacIntc
80016fe8   BSP_GetCurDp
8000d650   BSP_GetCurEvent
80016ff0   BSP_GetCurSp
80013fc8   BSP_GetExecutionState
80000100   BSP_GetFreeXmpMemArea
80002fa0   BSP_GetMemAreaPerm
80015b60   BSP_GetSpinlock
80015be0   BSP_GetSpinlockIrqSaved
80018700   BSP_GetTransactionData
80000224   BSP_GetXmpMemAreaByIndx
80011510   BSP_InitC6xTimer
80012778   BSP_InitCacheController
800086d0   BSP_InitCic
8000d5b8   BSP_InitCurCorepac
8000e400   BSP_InitIPCModule
80000474   BSP_InitMpu
80016fb0   BSP_InitializeIntCtr
80016fa0   BSP_InitializeVector
8001406c   BSP_InsertMemArea
80017040   BSP_IntMaskRestore
80017030   BSP_IntMaskSave
8000e4c0   BSP_InterruptCore
80014018   BSP_IsrHandlerEntry
800142d8   BSP_IterateAllMemArea
80014220   BSP_LookupMemArea
800170d8   BSP_MemoryFence
8000e3a0   BSP_MessageListIsEmpty
800141c4   BSP_MidorderTraverse
80013ff0   BSP_OtherOSIsrHandlerEntry
80016ff8   BSP_RawGetCoreId
80017100   BSP_ReadCSR
8001710c   BSP_ReadIRP
80017088   BSP_ReadIer
800170c0   BSP_ReadIfr
8000e578   BSP_ReadIpcMsg
8000e30c   BSP_ReadMessage
800170cc   BSP_ReadTSR
80015b70   BSP_ReleaseSpinlock
80015bf8   BSP_ReleaseSpinlockIrqRestore
80014170   BSP_RemoveMemArea
80003230   BSP_RemoveXMPArea
8000e268   BSP_SendMessage
80013ef0   BSP_SetDspInterrupt
800170f4   BSP_SetIdle
8000263c   BSP_SetMemAreaNewPerm
800111b4   BSP_TimeInterruptISR
80015b84   BSP_TryToGeSpinlock
800170b0   BSP_WriteIcr
80017094   BSP_WriteIer
800170a4   BSP_WriteIsr
8001a7e0   C$$EXIT
8001a478   C$$IO$$
8001e900   C0_TaskStack
8001f880   C1_TaskStack
80006734   CancelAlarm
80003f0c   ChainTask
80007bb4   CicInit
8000dae0   ClearEvent
8000fc34   CounterTrigger
80012c44   DisableAllInterrupts
80016120   DisableOSInt
80012c74   EnableAllInterrupts
80016140   EnableOSInt
8001a680   ErrorHook
8001342c   FuncEventTask
800134a0   FuncFuelMassCalTask
80013320   FuncIntActivateTask
80013474   FuncJ1939Task
8001344c   FuncJobStatusTask
800133a0   FuncOS_5ms_task
80013264   FuncStartTask
8001334c   FuncTenmsTask
80005e90   GetAlarm
80005d74   GetAlarmBase
8000fd44   GetCounterInfo
8000fb60   GetCounterValue
8000de84   GetEvent
800121f4   GetSpinlock
80004638   GetTaskID
800044c0   GetTaskState
80019440   HOSTclock
800194e0   HOSTclose
80017e80   HOSTlseek
80018380   HOSTopen
80018a80   HOSTread
80016160   HOSTrename
80019580   HOSTtime
80018b40   HOSTunlink
80018c00   HOSTwrite
8001a6ac   IdleLoopHook
8000f9b4   InitCounter
800111d8   InitTimer
80010750   ItDisAll
80025aa0   MessageBoxNode
8002ee1c   OSCPUUsage
80016840   OSCtxSw
8002ee10   OSCtxSwCtr
800035a4   OSEK_TASK_CallTaskEntry
8002ee14   OSEventFreeList
80023850   OSEventTbl
80006ca0   OSFlagAccept
80006f44   OSFlagCreate
80006fe4   OSFlagDel
8002ee18   OSFlagFreeList
80007178   OSFlagPend
800075a0   OSFlagPost
800077f0   OSFlagQuery
80023870   OSFlagTbl
8002ee34   OSIdleCtr
8002ee20   OSIdleCtrMax
8002ee24   OSIdleCtrRun
800089a0   OSInit
800107f0   OSInitHookBegin
800107f4   OSInitHookEnd
800107a0   OSIntCtxSw
80016914   OSIntCtxSwRestore
800089d8   OSIntEnter
80008a30   OSIntExit
8002ee2a   OSIntExitY
8002ee29   OSIntNesting
8002ee54   OSInterrputSum
8002ee2b   OSLockNesting
80012144   OSMain
8002e630   OSMapTbl
8000e820   OSMboxAccept
8000e870   OSMboxCreate
8000e8e4   OSMboxDel
8000ea70   OSMboxPend
8000ebc4   OSMboxPost
8000ec54   OSMboxPostOpt
8000ed24   OSMboxQuery
80011a40   OSMemCreate
8002ee48   OSMemFreeList
80011b90   OSMemGet
80011c10   OSMemPut
80011c94   OSMemQuery
80024bf0   OSMemTbl
8000a4a0   OSMutexAccept
8000a590   OSMutexCreate
8000a6b4   OSMutexDel
8000a88c   OSMutexPend
8000abec   OSMutexPost
8000aec0   OSMutexQuery
8002ee2c   OSPrioCur
8002ee2d   OSPrioHighRdy
8000bb20   OSQAccept
8000bbc4   OSQCreate
8000bce8   OSQDel
8000bec0   OSQFlush
8002ee4c   OSQFreeList
8000bf28   OSQPend
8000c0c4   OSQPost
8000c1a4   OSQPostFront
8000c290   OSQPostOpt
8000c3f8   OSQQuery
80024c60   OSQTbl
8002ee2e   OSRdyGrp
800240b0   OSRdyTbl
800167e0   OSRestoreHighRdy
8002ee2f   OSRunning
80008b34   OSSchedLock
80008b78   OSSchedUnlock
8000fee0   OSSemAccept
8000ff40   OSSemCreate
8000ffb4   OSSemDel
80010140   OSSemPend
80010260   OSSemPost
800102e8   OSSemQuery
80008be4   OSStart
80010764   OSStartHighRdy
80008c84   OSStatInit
8002ee28   OSStatRdy
8002ee38   OSTCBCur
8002ee3c   OSTCBFreeList
8002ee40   OSTCBHighRdy
80010858   OSTCBInitHook
8002ee44   OSTCBList
800248c0   OSTCBPrioTbl
80024940   OSTCBTbl
800097a0   OSTaskChangePrio
80009aa8   OSTaskCreate
80009bb4   OSTaskCreateExt
800107f8   OSTaskCreateHook
8002ee30   OSTaskCtr
80009d14   OSTaskDel
80010808   OSTaskDelHook
80009fac   OSTaskDelReq
8001086c   OSTaskIdleHook
800240c0   OSTaskIdleStk
8000a3f8   OSTaskQuery
8000a074   OSTaskResume
80010854   OSTaskStatHook
800238b0   OSTaskStatStk
8000a16c   OSTaskStkChk
800103c0   OSTaskStkInit
8000a294   OSTaskSuspend
80010814   OSTaskSwHook
8002ee50   OSTime
800128c0   OSTimeDly
80012954   OSTimeDlyHMSM
80012aa4   OSTimeDlyResume
80012b90   OSTimeGet
80012bb4   OSTimeSet
80008ccc   OSTimeTick
80010868   OSTimeTickHook
8002df90   OSUnMapTbl
80008dc8   OSVersion
80008dcc   OS_Dummy
8001072c   OS_ENTER_CRITICAL
80010740   OS_EXIT_CRITICAL
8000900c   OS_EventTO
80008dd0   OS_EventTaskRdy
80008f50   OS_EventTaskWait
80009088   OS_EventWaitListInit
80007994   OS_FlagInit
80007ae8   OS_FlagUnlink
80011d48   OS_MemInit
8000c520   OS_QInit
800093b0   OS_Sched
80009560   OS_TCBInit
80009478   OS_TaskIdle
800094a4   OS_TaskStat
80025ae0   PerCoreMessageList
8001a694   PostTaskHook
8001a690   PreTaskHook
800122d4   ReleaseSpinlock
80012d30   ResumeAllInterrupts
80012e54   ResumeOSInterrupts
800042e0   Schedule
80006460   SetAbsAlarm
800060ac   SetAlarm
8000d914   SetEvent
8000614c   SetRelAlarm
800121c0   ShutdownAllCores
8001a69c   ShutdownHook
80012008   ShutdownOS
8001204c   StartCore
80011ee8   StartOS
8001a698   StartupHook
80012cb0   SuspendAllInterrupts
80012dd8   SuspendOSInterrupts
80014e70   SysArch_Configuration
80014e2c   SysTick_Handler
80022850   TASK0_STK
80022050   TASK1_STK
80023050   TASK_START_STK
80014dd4   Task0
80014e04   Task1
80014d6c   TaskStart
80003cd0   TerminateTask
800134d8   TimingInt
800123d0   TryToGetSpinlock
8000dc08   WaitEvent
80000294   __BSP_GetMpuMemArea
00840000   __CIOBUF_
8002f568   __TI_CINIT_Base
8002f588   __TI_CINIT_Limit
8002f54c   __TI_Handler_Table_Base
8002f558   __TI_Handler_Table_Limit
00840000   __TI_STACK_END
00040000   __TI_STACK_SIZE
8002ede8   __TI_STATIC_BASE
00008000   __TI_SYSMEM_SIZE
00000001   __TI_args_main
8001a840   __TI_decompress_none
8001a880   __TI_decompress_rle
8001a860   __TI_decompress_rle24
8002edac   __TI_enable_exit_profile_output
ffffffff   __TI_pprof_out_hndl
ffffffff   __TI_prof_data_size
ffffffff   __TI_prof_data_start
800188c0   __TI_zero_init
ffffffff   __binit__
8000ee00   __c6xabi_divd
80019620   __c6xabi_divli
800177c0   __c6xabi_divlli
80018cc0   __c6xabi_divu
80016300   __c6xabi_divul
80014f60   __c6xabi_divull
800172a0   __c6xabi_frcmpyd_div
8001a480   __c6xabi_isinf
80019d00   __c6xabi_llshl
8001a180   __c6xabi_llshr
8001a1e0   __c6xabi_llshru
8001a700   __c6xabi_negll
8001a540   __c6xabi_remli
8001a240   __c6xabi_remlli
8001a580   __c6xabi_remul
8001a2a0   __c6xabi_remull
80018460   __c6xabi_strasgi
8001a5c0   __c6xabi_strasgi_64plus
ffffffff   __c_args__
80018cc0   __divu
80011930   __func_test
800196c0   __strasg
80018460   __strasgi
8001a5c0   __strasgi_64plus
8001a720   __tdeh_init
8001a600   _args_main
80016ca0   _auto_init_elf
80019d80   _c_int00
80018d80   _cleanup
8002eda4   _cleanup_ptr
8002de80   _ctypes_
80018e40   _doflush
8002eda8   _dtors_ptr
8002ebfc   _ft_end
8002e850   _ftable
8002e9b8   _lock
80019e00   _minit
8001a740   _nop
80010d20   _printfi
80018f00   _rd_ok
8001a7a0   _register_lock
8001a7c0   _register_unlock
00800000   _stack
8001a300   _subcull
80025d70   _sys_memory
80025b40   _tmpnams
8002e9bc   _unlock
8002f000   _vectors
80017f80   _wrt_ok
8001a7e0   abort
8001a800   abs
800164a0   add_device
80018620   atoi
ffffffff   binit
8000b58c   c_int10
8000b674   c_int11
8000b764   c_int12
8000b850   c_int13
8000b940   c_int14
8000ba2c   c_int15
8000b000   c_int4
8000b0ec   c_int5
8000b1d4   c_int6
8000b2c4   c_int7
8000b3b0   c_int8
8000b4a0   c_int9
80019e80   calloc
800187e0   close
80018080   copy_in
80020930   core0_TaskReadyTaskTable
8002ecf0   core0_almControl_table
8001f840   core0_alm_table
8002ed10   core0_counterCfg_table
8001f810   core0_counter_table
8002eae0   core0_taskConfig_table
8001f5b0   core0_taskContext_table
8001f500   core0_taskControlblock_table
8001f7f0   core0_taskRead_block
80025860   core0_tick
80020b30   core1_TaskReadyTaskTable
8002ed30   core1_almControl_table
80020300   core1_alm_table
8002edb0   core1_counterCfg_table
800202e0   core1_counter_table
8002ebc0   core1_taskConfig_table
80020108   core1_taskContext_table
80020080   core1_taskControlblock_table
800202c0   core1_taskRead_block
80025870   core1_tick
80020d30   core2_TaskReadyTaskTable
8002edc0   core2_counterCfg_table
800205a0   core2_counter_table
8002ec00   core2_taskConfig_table
800203c8   core2_taskContext_table
80020340   core2_taskControlblock_table
80020580   core2_taskRead_block
80020f30   core3_TaskReadyTaskTable
8002ed50   core3_almControl_table
800208f0   core3_alm_table
8002edd0   core3_counterCfg_table
800208d0   core3_counter_table
8002eb30   core3_taskConfig_table
80020670   core3_taskContext_table
800205c0   core3_taskControlblock_table
800208b0   core3_taskRead_block
80021130   coreIpcDatas
8002ea30   coreRpcFunc
8002ed90   coreSpinlocks
8002edf0   count
80019f64   ex_main
800189a0   exit
80017c40   fclose
80018180   fflush
8001a8a0   find_registered_device
8001a360   fopen
80017540   fputc
80012f00   fputs
80014820   free
80019f80   freopen
80018fc0   fseek
800119e0   func_test
80011968   func_test_stub
80011804   func_test_stub_proxy
80018280   getenv
8001a8c0   labs
8001a640   llabs
80019080   lseek
80019140   ltoa
800134c4   main
80024c90   main_mpu
80016640   malloc
80014aa0   memalign
8001a3c0   memccpy
80019bc0   memcpy
80019c14   memset
80017120   open
800069f0   osekAlarm_Check1
80006aac   osekAlarm_Check2
80006bb0   osekAlarm_Initialize
8002ed70   osekAlarm_alarmsMap
8002e650   osekConfig_InterruptEntryTable
8002eb80   osekConfig_InterruptTypeTable
8000fe24   osekCounter_Initialize
8000d894   osekEvent_SetEvent
8002edfc   osekHook_ErrorNestedLevel
8002edf8   osekHook_ObjId
8002edf4   osekHook_ServiceId
80012bf4   osekInterrupt_Initialize
80017d74   osekKernel_Initialize
8002ec40   osekKernel_coreAlarms
8002ec70   osekKernel_coreCounters
8002e9c0   osekKernel_coreTasks
80025880   osekKernel_osKernel
800124d8   osekSpinLock_Init
80022030   osekSpin_LockTable
800160f8   osekTarget_LoadBTSP_do
800160ec   osekTarget_LoadETSP
80016044   osekTarget_RestoreContext
80015fa0   osekTarget_SaveContext
80003694   osekTask_ActiveTask
800035e8   osekTask_ChangeRunningTaskPriority
800037f4   osekTask_Dispatch
800046b0   osekTask_Initialize
8002e750   osekTask_PriorityIndexTable
800039d8   osekTask_TerminateDispatch
800037a8   osekTask_WaitTask
80003730   osekTask_WakeTask
8002eca0   osekTask_tasksMap
8001a000   printf
80017540   putc
8001a8e0   putchar
8001a6c0   puts
8000cbc8   rb_erase
8000cda4   rb_first
8000c728   rb_insert_color
8000cde0   rb_last
8000ce18   rb_next
8000ce94   rb_prev
8000cf14   rb_replace_node
80019200   read
8001a080   readmsg
800137e0   realloc
8001a100   remove
80019b20   remove_device
800192c0   rename
80004b8c   rpc_activateTask_Server
80004a54   rpc_activateTask_stub
80005bd4   rpc_cancelAlarm_Server
80005a98   rpc_cancelAlarm_stub
80005960   rpc_getAlarm_Server
80005804   rpc_getAlarm_stub
80004e04   rpc_getTaskState_Server
80004cac   rpc_getTaskState_stub
80025cf0   rpc_nodes
80005650   rpc_setAbsAlarm_Server
800054ec   rpc_setAbsAlarm_stub
8000508c   rpc_setEvent_Server
80004f40   rpc_setEvent_stub
800052ec   rpc_setRelAlarm_Server
8000518c   rpc_setRelAlarm_stub
80016980   setvbuf
80013214   sleep
8002ede8   testVar1
8002edec   testVar2
800256a0   timer_devs
80014d2c   ucmain
8001a100   unlink
800187a0   wait
80019380   write
8001a420   writemsg
80024cd0   xmc
8002ee0c   xmc_bitmaps


GLOBAL SYMBOLS: SORTED BY Symbol Address 

address    name
--------   ----
00000001   __TI_args_main
00008000   __TI_SYSMEM_SIZE
00040000   __TI_STACK_SIZE
00800000   _stack
00840000   __CIOBUF_
00840000   __TI_STACK_END
80000100   BSP_GetFreeXmpMemArea
800001b4   BSP_FreeXmpMemArea
80000224   BSP_GetXmpMemAreaByIndx
80000294   __BSP_GetMpuMemArea
80000474   BSP_InitMpu
8000263c   BSP_SetMemAreaNewPerm
80002fa0   BSP_GetMemAreaPerm
800030b8   BSP_CreatNewXMPArea
80003230   BSP_RemoveXMPArea
800035a4   OSEK_TASK_CallTaskEntry
800035e8   osekTask_ChangeRunningTaskPriority
80003694   osekTask_ActiveTask
80003730   osekTask_WakeTask
800037a8   osekTask_WaitTask
800037f4   osekTask_Dispatch
800039d8   osekTask_TerminateDispatch
80003b18   ActivateTask
80003cd0   TerminateTask
80003f0c   ChainTask
800042e0   Schedule
800044c0   GetTaskState
80004638   GetTaskID
800046b0   osekTask_Initialize
80004a54   rpc_activateTask_stub
80004b8c   rpc_activateTask_Server
80004cac   rpc_getTaskState_stub
80004e04   rpc_getTaskState_Server
80004f40   rpc_setEvent_stub
8000508c   rpc_setEvent_Server
8000518c   rpc_setRelAlarm_stub
800052ec   rpc_setRelAlarm_Server
800054ec   rpc_setAbsAlarm_stub
80005650   rpc_setAbsAlarm_Server
80005804   rpc_getAlarm_stub
80005960   rpc_getAlarm_Server
80005a98   rpc_cancelAlarm_stub
80005bd4   rpc_cancelAlarm_Server
80005d74   GetAlarmBase
80005e90   GetAlarm
800060ac   SetAlarm
8000614c   SetRelAlarm
80006460   SetAbsAlarm
80006734   CancelAlarm
800069f0   osekAlarm_Check1
80006aac   osekAlarm_Check2
80006bb0   osekAlarm_Initialize
80006ca0   OSFlagAccept
80006f44   OSFlagCreate
80006fe4   OSFlagDel
80007178   OSFlagPend
800075a0   OSFlagPost
800077f0   OSFlagQuery
80007994   OS_FlagInit
80007ae8   OS_FlagUnlink
80007b80   BSP_GetCicChip
80007bb4   CicInit
800086d0   BSP_InitCic
800089a0   OSInit
800089d8   OSIntEnter
80008a30   OSIntExit
80008b34   OSSchedLock
80008b78   OSSchedUnlock
80008be4   OSStart
80008c84   OSStatInit
80008ccc   OSTimeTick
80008dc8   OSVersion
80008dcc   OS_Dummy
80008dd0   OS_EventTaskRdy
80008f50   OS_EventTaskWait
8000900c   OS_EventTO
80009088   OS_EventWaitListInit
800093b0   OS_Sched
80009478   OS_TaskIdle
800094a4   OS_TaskStat
80009560   OS_TCBInit
800097a0   OSTaskChangePrio
80009aa8   OSTaskCreate
80009bb4   OSTaskCreateExt
80009d14   OSTaskDel
80009fac   OSTaskDelReq
8000a074   OSTaskResume
8000a16c   OSTaskStkChk
8000a294   OSTaskSuspend
8000a3f8   OSTaskQuery
8000a4a0   OSMutexAccept
8000a590   OSMutexCreate
8000a6b4   OSMutexDel
8000a88c   OSMutexPend
8000abec   OSMutexPost
8000aec0   OSMutexQuery
8000b000   c_int4
8000b0ec   c_int5
8000b1d4   c_int6
8000b2c4   c_int7
8000b3b0   c_int8
8000b4a0   c_int9
8000b58c   c_int10
8000b674   c_int11
8000b764   c_int12
8000b850   c_int13
8000b940   c_int14
8000ba2c   c_int15
8000bb20   OSQAccept
8000bbc4   OSQCreate
8000bce8   OSQDel
8000bec0   OSQFlush
8000bf28   OSQPend
8000c0c4   OSQPost
8000c1a4   OSQPostFront
8000c290   OSQPostOpt
8000c3f8   OSQQuery
8000c520   OS_QInit
8000c728   rb_insert_color
8000cbc8   rb_erase
8000cda4   rb_first
8000cde0   rb_last
8000ce18   rb_next
8000ce94   rb_prev
8000cf14   rb_replace_node
8000d570   BSP_GetCurCorepacIntc
8000d594   BSP_GetCurCorepac
8000d5b8   BSP_InitCurCorepac
8000d650   BSP_GetCurEvent
8000d6e8   BSP_GetCurCombineState
8000d784   BSP_GetCurCombineAllState
8000d894   osekEvent_SetEvent
8000d914   SetEvent
8000dae0   ClearEvent
8000dc08   WaitEvent
8000de84   GetEvent
8000e268   BSP_SendMessage
8000e30c   BSP_ReadMessage
8000e3a0   BSP_MessageListIsEmpty
8000e400   BSP_InitIPCModule
8000e4c0   BSP_InterruptCore
8000e578   BSP_ReadIpcMsg
8000e5ac   BSP_AckIpc
8000e5d8   BSP_DoIpc
8000e7c8   BSP_DoIpcSimple
8000e820   OSMboxAccept
8000e870   OSMboxCreate
8000e8e4   OSMboxDel
8000ea70   OSMboxPend
8000ebc4   OSMboxPost
8000ec54   OSMboxPostOpt
8000ed24   OSMboxQuery
8000ee00   __c6xabi_divd
8000f9b4   InitCounter
8000fb60   GetCounterValue
8000fc34   CounterTrigger
8000fd44   GetCounterInfo
8000fe24   osekCounter_Initialize
8000fee0   OSSemAccept
8000ff40   OSSemCreate
8000ffb4   OSSemDel
80010140   OSSemPend
80010260   OSSemPost
800102e8   OSSemQuery
800103c0   OSTaskStkInit
8001072c   OS_ENTER_CRITICAL
80010740   OS_EXIT_CRITICAL
80010750   ItDisAll
80010764   OSStartHighRdy
800107a0   OSIntCtxSw
800107f0   OSInitHookBegin
800107f4   OSInitHookEnd
800107f8   OSTaskCreateHook
80010808   OSTaskDelHook
80010814   OSTaskSwHook
80010854   OSTaskStatHook
80010858   OSTCBInitHook
80010868   OSTimeTickHook
8001086c   OSTaskIdleHook
80010d20   _printfi
800111b4   BSP_TimeInterruptISR
800111d8   InitTimer
8001146c   AckTimerInt
80011510   BSP_InitC6xTimer
800115c4   BSP_GetC6xTimer
80011804   func_test_stub_proxy
80011930   __func_test
80011968   func_test_stub
800119e0   func_test
80011a40   OSMemCreate
80011b90   OSMemGet
80011c10   OSMemPut
80011c94   OSMemQuery
80011d48   OS_MemInit
80011ee8   StartOS
80012008   ShutdownOS
8001204c   StartCore
80012144   OSMain
800121c0   ShutdownAllCores
800121f4   GetSpinlock
800122d4   ReleaseSpinlock
800123d0   TryToGetSpinlock
800124d8   osekSpinLock_Init
80012778   BSP_InitCacheController
800128c0   OSTimeDly
80012954   OSTimeDlyHMSM
80012aa4   OSTimeDlyResume
80012b90   OSTimeGet
80012bb4   OSTimeSet
80012bf4   osekInterrupt_Initialize
80012c44   DisableAllInterrupts
80012c74   EnableAllInterrupts
80012cb0   SuspendAllInterrupts
80012d30   ResumeAllInterrupts
80012dd8   SuspendOSInterrupts
80012e54   ResumeOSInterrupts
80012f00   fputs
80013214   sleep
80013264   FuncStartTask
80013320   FuncIntActivateTask
8001334c   FuncTenmsTask
800133a0   FuncOS_5ms_task
8001342c   FuncEventTask
8001344c   FuncJobStatusTask
80013474   FuncJ1939Task
800134a0   FuncFuelMassCalTask
800134c4   main
800134d8   TimingInt
800137e0   realloc
80013d94   BSP_EnableDspInterrupt
80013df4   BSP_DisableDspInterrupt
80013e54   BSP_AckDspInterrupt
80013ef0   BSP_SetDspInterrupt
80013f4c   BSP_ClearDspInterrupt
80013fa8   BSP_ClearDspInterruptAll
80013fc8   BSP_GetExecutionState
80013ff0   BSP_OtherOSIsrHandlerEntry
80014018   BSP_IsrHandlerEntry
8001406c   BSP_InsertMemArea
80014170   BSP_RemoveMemArea
800141c4   BSP_MidorderTraverse
80014220   BSP_LookupMemArea
800142d8   BSP_IterateAllMemArea
80014820   free
80014aa0   memalign
80014d2c   ucmain
80014d6c   TaskStart
80014dd4   Task0
80014e04   Task1
80014e2c   SysTick_Handler
80014e70   SysArch_Configuration
80014f60   __c6xabi_divull
80015b60   BSP_GetSpinlock
80015b70   BSP_ReleaseSpinlock
80015b84   BSP_TryToGeSpinlock
80015b94   BSP_ClearAllSpinlock
80015be0   BSP_GetSpinlockIrqSaved
80015bf8   BSP_ReleaseSpinlockIrqRestore
80015fa0   osekTarget_SaveContext
80016044   osekTarget_RestoreContext
800160ec   osekTarget_LoadETSP
800160f8   osekTarget_LoadBTSP_do
80016120   DisableOSInt
80016140   EnableOSInt
80016160   HOSTrename
80016300   __c6xabi_divul
800164a0   add_device
80016640   malloc
800167e0   OSRestoreHighRdy
80016840   OSCtxSw
80016914   OSIntCtxSwRestore
80016980   setvbuf
80016ca0   _auto_init_elf
80016e20   BSP_AllocShareMemoryById
80016ea8   BSP_AllocFreeShareMemory
80016f14   BSP_FreeShareMemory
80016fa0   BSP_InitializeVector
80016fb0   BSP_InitializeIntCtr
80016fe8   BSP_GetCurDp
80016ff0   BSP_GetCurSp
80016ff8   BSP_RawGetCoreId
80017008   BSP_DisableInt
80017018   BSP_EnableInt
80017030   BSP_IntMaskSave
80017040   BSP_IntMaskRestore
8001704c   BSP_EnableIer
80017068   BSP_DisableIer
80017088   BSP_ReadIer
80017094   BSP_WriteIer
800170a4   BSP_WriteIsr
800170b0   BSP_WriteIcr
800170c0   BSP_ReadIfr
800170cc   BSP_ReadTSR
800170d8   BSP_MemoryFence
800170e4   BSP_DisableIntIrqSave
800170ec   BSP_EnableIntIrqRestore
800170f4   BSP_SetIdle
80017100   BSP_ReadCSR
8001710c   BSP_ReadIRP
80017120   open
800172a0   __c6xabi_frcmpyd_div
80017540   fputc
80017540   putc
800177c0   __c6xabi_divlli
80017b34   BSP_ArchInit
80017c40   fclose
80017d74   osekKernel_Initialize
80017e80   HOSTlseek
80017f80   _wrt_ok
80018080   copy_in
80018180   fflush
80018280   getenv
80018380   HOSTopen
80018460   __c6xabi_strasgi
80018460   __strasgi
80018620   atoi
80018700   BSP_GetTransactionData
800187a0   wait
800187e0   close
800188c0   __TI_zero_init
800189a0   exit
80018a80   HOSTread
80018b40   HOSTunlink
80018c00   HOSTwrite
80018cc0   __c6xabi_divu
80018cc0   __divu
80018d80   _cleanup
80018e40   _doflush
80018f00   _rd_ok
80018fc0   fseek
80019080   lseek
80019140   ltoa
80019200   read
800192c0   rename
80019380   write
80019440   HOSTclock
800194e0   HOSTclose
80019580   HOSTtime
80019620   __c6xabi_divli
800196c0   __strasg
80019b20   remove_device
80019bc0   memcpy
80019c14   memset
80019d00   __c6xabi_llshl
80019d80   _c_int00
80019e00   _minit
80019e80   calloc
80019f64   ex_main
80019f80   freopen
8001a000   printf
8001a080   readmsg
8001a100   remove
8001a100   unlink
8001a180   __c6xabi_llshr
8001a1e0   __c6xabi_llshru
8001a240   __c6xabi_remlli
8001a2a0   __c6xabi_remull
8001a300   _subcull
8001a360   fopen
8001a3c0   memccpy
8001a420   writemsg
8001a478   C$$IO$$
8001a480   __c6xabi_isinf
8001a540   __c6xabi_remli
8001a580   __c6xabi_remul
8001a5c0   __c6xabi_strasgi_64plus
8001a5c0   __strasgi_64plus
8001a600   _args_main
8001a640   llabs
8001a680   ErrorHook
8001a690   PreTaskHook
8001a694   PostTaskHook
8001a698   StartupHook
8001a69c   ShutdownHook
8001a6ac   IdleLoopHook
8001a6c0   puts
8001a700   __c6xabi_negll
8001a720   __tdeh_init
8001a740   _nop
8001a7a0   _register_lock
8001a7c0   _register_unlock
8001a7e0   C$$EXIT
8001a7e0   abort
8001a800   abs
8001a840   __TI_decompress_none
8001a860   __TI_decompress_rle24
8001a880   __TI_decompress_rle
8001a8a0   find_registered_device
8001a8c0   labs
8001a8e0   putchar
8001e900   C0_TaskStack
8001f500   core0_taskControlblock_table
8001f5b0   core0_taskContext_table
8001f7f0   core0_taskRead_block
8001f810   core0_counter_table
8001f840   core0_alm_table
8001f880   C1_TaskStack
80020080   core1_taskControlblock_table
80020108   core1_taskContext_table
800202c0   core1_taskRead_block
800202e0   core1_counter_table
80020300   core1_alm_table
80020340   core2_taskControlblock_table
800203c8   core2_taskContext_table
80020580   core2_taskRead_block
800205a0   core2_counter_table
800205c0   core3_taskControlblock_table
80020670   core3_taskContext_table
800208b0   core3_taskRead_block
800208d0   core3_counter_table
800208f0   core3_alm_table
80020930   core0_TaskReadyTaskTable
80020b30   core1_TaskReadyTaskTable
80020d30   core2_TaskReadyTaskTable
80020f30   core3_TaskReadyTaskTable
80021130   coreIpcDatas
80022030   osekSpin_LockTable
80022050   TASK1_STK
80022850   TASK0_STK
80023050   TASK_START_STK
80023850   OSEventTbl
80023870   OSFlagTbl
800238b0   OSTaskStatStk
800240b0   OSRdyTbl
800240c0   OSTaskIdleStk
800248c0   OSTCBPrioTbl
80024940   OSTCBTbl
80024bf0   OSMemTbl
80024c60   OSQTbl
80024c90   main_mpu
80024cd0   xmc
800256a0   timer_devs
80025860   core0_tick
80025870   core1_tick
80025880   osekKernel_osKernel
80025aa0   MessageBoxNode
80025ae0   PerCoreMessageList
80025b40   _tmpnams
80025cf0   rpc_nodes
80025d70   _sys_memory
8002de80   _ctypes_
8002df90   OSUnMapTbl
8002e630   OSMapTbl
8002e650   osekConfig_InterruptEntryTable
8002e750   osekTask_PriorityIndexTable
8002e850   _ftable
8002e9b8   _lock
8002e9bc   _unlock
8002e9c0   osekKernel_coreTasks
8002ea30   coreRpcFunc
8002eae0   core0_taskConfig_table
8002eb30   core3_taskConfig_table
8002eb80   osekConfig_InterruptTypeTable
8002ebc0   core1_taskConfig_table
8002ebfc   _ft_end
8002ec00   core2_taskConfig_table
8002ec40   osekKernel_coreAlarms
8002ec70   osekKernel_coreCounters
8002eca0   osekTask_tasksMap
8002ecf0   core0_almControl_table
8002ed10   core0_counterCfg_table
8002ed30   core1_almControl_table
8002ed50   core3_almControl_table
8002ed70   osekAlarm_alarmsMap
8002ed90   coreSpinlocks
8002eda4   _cleanup_ptr
8002eda8   _dtors_ptr
8002edac   __TI_enable_exit_profile_output
8002edb0   core1_counterCfg_table
8002edc0   core2_counterCfg_table
8002edd0   core3_counterCfg_table
8002ede8   __TI_STATIC_BASE
8002ede8   testVar1
8002edec   testVar2
8002edf0   count
8002edf4   osekHook_ServiceId
8002edf8   osekHook_ObjId
8002edfc   osekHook_ErrorNestedLevel
8002ee0c   xmc_bitmaps
8002ee10   OSCtxSwCtr
8002ee14   OSEventFreeList
8002ee18   OSFlagFreeList
8002ee1c   OSCPUUsage
8002ee20   OSIdleCtrMax
8002ee24   OSIdleCtrRun
8002ee28   OSStatRdy
8002ee29   OSIntNesting
8002ee2a   OSIntExitY
8002ee2b   OSLockNesting
8002ee2c   OSPrioCur
8002ee2d   OSPrioHighRdy
8002ee2e   OSRdyGrp
8002ee2f   OSRunning
8002ee30   OSTaskCtr
8002ee34   OSIdleCtr
8002ee38   OSTCBCur
8002ee3c   OSTCBFreeList
8002ee40   OSTCBHighRdy
8002ee44   OSTCBList
8002ee48   OSMemFreeList
8002ee4c   OSQFreeList
8002ee50   OSTime
8002ee54   OSInterrputSum
8002f000   _vectors
8002f54c   __TI_Handler_Table_Base
8002f558   __TI_Handler_Table_Limit
8002f568   __TI_CINIT_Base
8002f588   __TI_CINIT_Limit
ffffffff   __TI_pprof_out_hndl
ffffffff   __TI_prof_data_size
ffffffff   __TI_prof_data_start
ffffffff   __binit__
ffffffff   __c_args__
ffffffff   binit

[514 symbols]
