******************************************************************************
               TMS320C6x Linker PC v7.2.1                      
******************************************************************************
>> Linked Fri Jul 26 15:13:57 2013

OUTPUT FILE NAME:   <osekMOS_Alarm.out>
ENTRY POINT SYMBOL: "_c_int00"  address: 8000fcc0


MEMORY CONFIGURATION

         name            origin    length      used     unused   attr    fill
----------------------  --------  ---------  --------  --------  ----  --------
  L2_SHARED             00800000   00080000  00040120  0003fee0  RWIX
  SHARED                0c000000   00400000  00000000  00400000  RWIX
  CORE0_L2SRAM          10800000   00080000  00000000  00080000  RWIX
  CORE1_L2SRAM          11800000   00080000  00000000  00080000  RWIX
  CORE2_L2SRAM          12800000   00080000  00000000  00080000  RWIX
  CORE3_L2SRAM          13800000   00080000  00000000  00080000  RWIX
  CORE4_L2SRAM          14800000   00080000  00000000  00080000  RWIX
  CORE5_L2SRAM          15800000   00080000  00000000  00080000  RWIX
  CORE6_L2SRAM          16800000   00080000  00000000  00080000  RWIX
  CORE7_L2SRAM          17800000   00080000  00000000  00080000  RWIX
  DDR_SHARED            80000000   20000000  000219a3  1ffde65d  RWIX


SEGMENT ALLOCATION MAP

run origin  load origin   length   init length attrs members
----------  ----------- ---------- ----------- ----- -------
00800000    00800000    00040120   00000000    rw-
  00800000    00800000    00040000   00000000    rw- .stack
  00840000    00840000    00000120   00000000    rw- .cio
80000000    80000000    00010740   00010740    r-x
  80000000    80000000    00010740   00010740    r-x .text
80010740    80010740    0000fef0   00000000    rw-
  80010740    80010740    00008000   00000000    rw- .sysmem
  80018740    80018740    00007ef0   00000000    rw- .far
80020630    80020630    00000798   00000798    rw-
  80020630    80020630    00000798   00000798    rw- .fardata
80020dd0    80020dd0    00000648   00000648    r--
  80020dd0    80020dd0    00000648   00000648    r-- .const
80021418    80021418    0000001f   0000001f    rw-
  80021418    80021418    0000001f   0000001f    rw- .neardata
80021438    80021438    00000374   00000374    r--
  80021438    80021438    00000374   00000374    r-- .cinit
80021800    80021800    00000200   00000200    r-x
  80021800    80021800    00000200   00000200    r-x .text:vecs


SECTION ALLOCATION MAP

 output                                  attributes/
section   page    origin      length       input sections
--------  ----  ----------  ----------   ----------------
.stack     0    00800000    00040000     UNINITIALIZED
                  00800000    00000008     rts6600_elf.lib : boot.obj (.stack)
                  00800008    0003fff8     --HOLE--

.cio       0    00840000    00000120     UNINITIALIZED
                  00840000    00000120     rts6600_elf.lib : trgmsg.obj (.cio)

.text      0    80000000    00010740     
                  80000000    00001500     osekMTask.obj (.text)
                  80001500    000014a0     osekMRpcKernel.obj (.text)
                  800029a0    00000f60     osekMAlarm.obj (.text)
                  80003900    00000e20     c66xx_cic.obj (.text)
                  80004720    00000a40     c66xx_itbl.obj (.text)
                  80005160    00000860     c66xx_corepac.obj (.text)
                  800059c0    000007a0     c66xx_ipc.obj (.text)
                  80006160    000007a0     osekMEvent.obj (.text)
                  80006900    000005e0     rts6600_elf.lib : divd.obj (.text:__c6xabi_divd)
                  80006ee0    000005c0                     : _printfi.obj (.text:_getarg_diouxp)
                  800074a0    00000540     osekMCounter.obj (.text)
                  800079e0    000004a0     rts6600_elf.lib : _printfi.obj (.text:_setfield)
                  80007e80    00000480                     : _printfi.obj (.text:_printfi)
                  80008300    00000480     c66xx_timer.obj (.text)
                  80008780    00000440     c66xx_exception.obj (.text)
                  80008bc0    00000420     osekMRpcFunc.obj (.text)
                  80008fe0    00000420     osekMSpinlock.obj (.text)
                  80009400    00000380     main.obj (.text)
                  80009780    00000380     osekMExecution.obj (.text)
                  80009b00    00000320     osekMInterrupt.obj (.text)
                  80009e20    00000300     rts6600_elf.lib : fputs.obj (.text:fputs)
                  8000a120    000002e0                     : _printfi.obj (.text:_pproc_fwp)
                  8000a400    000002e0                     : memory.obj (.text:realloc)
                  8000a6e0    000002c0                     : _printfi.obj (.text:_pproc_fge)
                  8000a9a0    000002a0                     : _printfi.obj (.text:fcvt)
                  8000ac40    00000280                     : _printfi.obj (.text:ecvt)
                  8000aec0    00000280                     : memory.obj (.text:free)
                  8000b140    00000260                     : memory.obj (.text:memalign)
                  8000b3a0    00000240                     : imath64.obj (.text:__c6xabi_divull)
                  8000b5e0    00000240                     : _printfi.obj (.text:_pconv_e)
                  8000b820    00000220                     : _printfi.obj (.text:_pproc_diouxp)
                  8000ba40    00000220                     : _printfi.obj (.text:_pproc_str)
                  8000bc60    00000200                     : _printfi.obj (.text:_pconv_g)
                  8000be60    00000200     c66xx_spinlock.obj (.text)
                  8000c060    000001c0     rts6600_elf.lib : _printfi.obj (.text:_mcpy)
                  8000c220    000001c0                     : fopen.obj (.text:_openfile)
                  8000c3e0    000001c0     osekMTarget.obj (.text)
                  8000c5a0    000001a0     rts6600_elf.lib : trgdrv.obj (.text:HOSTrename)
                  8000c740    000001a0                     : imath40.obj (.text:__c6xabi_divul)
                  8000c8e0    000001a0                     : lowlev.obj (.text:add_device)
                  8000ca80    000001a0                     : memory.obj (.text:malloc)
                  8000cc20    000001a0                     : setvbuf.obj (.text:setvbuf)
                  8000cdc0    00000180                     : copy_decompress_rle.obj (.text:__TI_decompress_rle_core)
                  8000cf40    00000180                     : autoinit.obj (.text:_auto_init_elf)
                  8000d0c0    00000180                     : lowlev.obj (.text:open)
                  8000d240    00000160                     : frcmpyd_div.obj (.text:__c6xabi_frcmpyd_div)
                  8000d3a0    00000160     c66xx_regs.obj (.text)
                  8000d500    00000140     rts6600_elf.lib : _printfi.obj (.text:_pproc_fflags)
                  8000d640    00000140                     : fputc.obj (.text:fputc)
                  8000d780    00000140                     : lowlev.obj (.text:getdevice)
                  8000d8c0    00000120                     : imath64.obj (.text:__c6xabi_divlli)
                  8000d9e0    00000120                     : _printfi.obj (.text:_ltostr)
                  8000db00    00000120                     : fopen.obj (.text:_search_fp)
                  8000dc20    00000120                     : fclose.obj (.text:fclose)
                  8000dd40    00000120     osekMKernel.obj (.text)
                  8000de60    00000100     rts6600_elf.lib : trgdrv.obj (.text:HOSTlseek)
                  8000df60    00000100                     : _io_perm.obj (.text:_wrt_ok)
                  8000e060    00000100                     : cpy_tbl.obj (.text:copy_in)
                  8000e160    00000100                     : fflush.obj (.text:fflush)
                  8000e260    00000100                     : trgdrv.obj (.text:getenv)
                  8000e360    000000e0                     : trgdrv.obj (.text:HOSTopen)
                  8000e440    000000e0                     : _printfi.obj (.text:_div)
                  8000e520    000000e0                     : atoi.obj (.text:atoi)
                  8000e600    000000e0     c66xx_init.obj (.text)
                  8000e6e0    000000e0     c66xx_rpc.obj (.text)
                  8000e7c0    000000e0     rts6600_elf.lib : lowlev.obj (.text:close)
                  8000e8a0    000000e0                     : copy_zero_init.obj (.text:decompress:ZI:__TI_zero_init)
                  8000e980    000000e0                     : exit.obj (.text:exit)
                  8000ea60    000000c0                     : trgdrv.obj (.text:HOSTread)
                  8000eb20    000000c0                     : trgdrv.obj (.text:HOSTunlink)
                  8000ebe0    000000c0                     : trgdrv.obj (.text:HOSTwrite)
                  8000eca0    000000c0                     : divu.obj (.text:__divu)
                  8000ed60    000000c0                     : fopen.obj (.text:_cleanup)
                  8000ee20    000000c0                     : fflush.obj (.text:_doflush)
                  8000eee0    000000c0                     : _io_perm.obj (.text:_rd_ok)
                  8000efa0    000000c0                     : fseek.obj (.text:fseek)
                  8000f060    000000c0                     : lowlev.obj (.text:lseek)
                  8000f120    000000c0                     : ltoa.obj (.text:ltoa)
                  8000f1e0    000000c0                     : lowlev.obj (.text:read)
                  8000f2a0    000000c0                     : lowlev.obj (.text:rename)
                  8000f360    000000c0                     : lowlev.obj (.text:write)
                  8000f420    000000a0                     : trgdrv.obj (.text:HOSTclock)
                  8000f4c0    000000a0                     : trgdrv.obj (.text:HOSTclose)
                  8000f560    000000a0                     : trgdrv.obj (.text:HOSTtime)
                  8000f600    000000a0                     : imath40.obj (.text:__c6xabi_divli)
                  8000f6a0    000000a0                     : _printfi.obj (.text:_ecpy)
                  8000f740    000000a0                     : _printfi.obj (.text:_fcpy)
                  8000f7e0    000000a0                     : _printfi.obj (.text:_pconv_f)
                  8000f880    000000a0                     : lowlev.obj (.text:finddevice)
                  8000f920    000000a0                     : memory.obj (.text:minsert)
                  8000f9c0    000000a0                     : memory.obj (.text:mremove)
                  8000fa60    000000a0                     : lowlev.obj (.text:remove_device)
                  8000fb00    000000a0     string.obj (.text)
                  8000fba0    000000a0     rts6600_elf.lib : lowlev.obj (.text:tabinit)
                  8000fc40    00000080                     : llshift.obj (.text:__c6xabi_llshl)
                  8000fcc0    00000080                     : boot.obj (.text:_c_int00)
                  8000fd40    00000080                     : memory.obj (.text:_minit)
                  8000fdc0    00000080                     : memory.obj (.text:calloc)
                  8000fe40    00000080                     : fopen.obj (.text:freopen)
                  8000fec0    00000080                     : printf.obj (.text:printf)
                  8000ff40    00000080                     : trgmsg.obj (.text:readmsg)
                  8000ffc0    00000080                     : lowlev.obj (.text:unlink)
                  80010040    00000060                     : llshift.obj (.text:__c6xabi_llshr)
                  800100a0    00000060                     : llshift.obj (.text:__c6xabi_llshru)
                  80010100    00000060                     : imath64.obj (.text:__c6xabi_remlli)
                  80010160    00000060                     : imath64.obj (.text:__c6xabi_remull)
                  800101c0    00000060                     : imath64.obj (.text:_subcull)
                  80010220    00000060                     : fopen.obj (.text:fopen)
                  80010280    00000060                     : memccpy.obj (.text:memccpy)
                  800102e0    00000060                     : trgmsg.obj (.text:writemsg)
                  80010340    00000040                     : isinf.obj (.text:__c6xabi_isinf)
                  80010380    00000040                     : _printfi.obj (.text:__c6xabi_isnan)
                  800103c0    00000040                     : divd.obj (.text:__c6xabi_isnan)
                  80010400    00000040                     : imath40.obj (.text:__c6xabi_remli)
                  80010440    00000040                     : imath40.obj (.text:__c6xabi_remul)
                  80010480    00000040                     : args_main.obj (.text:_args_main)
                  800104c0    00000040                     : abs.obj (.text:llabs)
                  80010500    00000040                     : fputs.obj (.text:puts)
                  80010540    00000020                     : negll.obj (.text:__c6xabi_negll)
                  80010560    00000020                     : tdeh_init.obj (.text:__tdeh_init)
                  80010580    00000020                     : _lock.obj (.text:_nop)
                  800105a0    00000020                     : printf.obj (.text:_outc)
                  800105c0    00000020                     : printf.obj (.text:_outs)
                  800105e0    00000020                     : _lock.obj (.text:_register_lock)
                  80010600    00000020                     : _lock.obj (.text:_register_unlock)
                  80010620    00000020                     : exit.obj (.text:abort)
                  80010640    00000020                     : abs.obj (.text:abs)
                  80010660    00000020     c66xx_vectors.obj (.text)
                  80010680    00000020     rts6600_elf.lib : copy_decompress_none.obj (.text:decompress:none:__TI_decompress_none)
                  800106a0    00000020                     : copy_decompress_rle.obj (.text:decompress:rle24:__TI_decompress_rle24)
                  800106c0    00000020                     : copy_decompress_rle.obj (.text:decompress:rle:__TI_decompress_rle)
                  800106e0    00000020                     : lowlev.obj (.text:find_registered_device)
                  80010700    00000020                     : abs.obj (.text:labs)
                  80010720    00000020                     : fputc.obj (.text:putchar)

.sysmem    0    80010740    00008000     UNINITIALIZED
                  80010740    00000008     rts6600_elf.lib : memory.obj (.sysmem)
                  80010748    00007ff8     --HOLE--

.far       0    80018740    00007ef0     UNINITIALIZED
                  80018740    00004000     osekMInterrupt.obj (.far)
                  8001c740    00003770     cfg.obj (.far)
                  8001feb0    000001e0     c66xx_timer.obj (.far)
                  80020090    00000140     osekMKernel.obj (.far)
                  800201d0    00000114     main.obj (.far)
                  800202e4    0000000c     --HOLE--
                  800202f0    000000d8     rts6600_elf.lib : trgdrv.obj (.far)
                  800203c8    00000008     --HOLE--
                  800203d0    000000a0     c66xx_ipc.obj (.far)
                  80020470    000000a0     rts6600_elf.lib : defs.obj (.far)
                  80020510    00000088     c66xx_cic.obj (.far)
                  80020598    00000008     --HOLE--
                  800205a0    00000040     c66xx_corepac.obj (.far)
                  800205e0    00000040     c66xx_rpc.obj (.far)
                  80020620    00000010     c66xx_exception.obj (.far)

.fardata   0    80020630    00000798     
                  80020630    00000100     cfg.obj (.fardata:osekConfig_InterruptEntryTable)
                  80020730    00000100     osekMTask.obj (.fardata:osekTask_PriorityIndexTable)
                  80020830    000000f0     rts6600_elf.lib : defs.obj (.fardata:_ftable)
                  80020920    00000078                     : lowlev.obj (.fardata:_device)
                  80020998    00000008                     : _lock.obj (.fardata)
                  800209a0    00000070     cfg.obj (.fardata:osekKernel_coreTasks)
                  80020a10    00000060     cfg.obj (.fardata:coreRpcFunc)
                  80020a70    00000050     rts6600_elf.lib : lowlev.obj (.fardata:_stream)
                  80020ac0    00000050     cfg.obj (.fardata:core0_taskConfig_table)
                  80020b10    00000050     cfg.obj (.fardata:core3_taskConfig_table)
                  80020b60    00000040     cfg.obj (.fardata:osekConfig_InterruptTypeTable)
                  80020ba0    0000003c     cfg.obj (.fardata:core1_taskConfig_table)
                  80020bdc    00000004     rts6600_elf.lib : defs.obj (.fardata)
                  80020be0    0000003c     cfg.obj (.fardata:core2_taskConfig_table)
                  80020c1c    00000004     rts6600_elf.lib : fopen.obj (.fardata)
                  80020c20    00000030     cfg.obj (.fardata:osekKernel_coreAlarms)
                  80020c50    00000030     cfg.obj (.fardata:osekKernel_coreCounters)
                  80020c80    00000028     cfg.obj (.fardata:osekTask_tasksMap)
                  80020ca8    00000024     c66xx_corepac.obj (.fardata)
                  80020ccc    00000004     rts6600_elf.lib : lowlev.obj (.fardata)
                  80020cd0    00000018     cfg.obj (.fardata:core0_almControl_table)
                  80020ce8    00000008     --HOLE--
                  80020cf0    00000018     cfg.obj (.fardata:core0_counterCfg_table)
                  80020d08    00000008     --HOLE--
                  80020d10    00000018     cfg.obj (.fardata:core1_almControl_table)
                  80020d28    00000008     --HOLE--
                  80020d30    00000018     cfg.obj (.fardata:core3_almControl_table)
                  80020d48    00000008     --HOLE--
                  80020d50    00000018     cfg.obj (.fardata:osekAlarm_alarmsMap)
                  80020d68    00000008     --HOLE--
                  80020d70    00000013     cfg.obj (.fardata:coreSpinlocks)
                  80020d83    00000001     --HOLE--
                  80020d84    0000000c     rts6600_elf.lib : exit.obj (.fardata)
                  80020d90    0000000c     cfg.obj (.fardata:core1_counterCfg_table)
                  80020d9c    00000004     --HOLE--
                  80020da0    0000000c     cfg.obj (.fardata:core2_counterCfg_table)
                  80020dac    00000004     --HOLE--
                  80020db0    0000000c     cfg.obj (.fardata:core3_counterCfg_table)
                  80020dbc    0000000c     rts6600_elf.lib : memory.obj (.fardata)

.const     0    80020dd0    00000648     
                  80020dd0    00000108     c66xx_corepac.obj (.const:.string)
                  80020ed8    00000002     rts6600_elf.lib : fputs.obj (.const:.string)
                  80020eda    00000006     --HOLE-- [fill = 0]
                  80020ee0    00000101                     : ctype.obj (.const:_ctypes_)
                  80020fe1    00000003     --HOLE-- [fill = 0]
                  80020fe4    000000e8     main.obj (.const:.string)
                  800210cc    00000098     osekMRpcKernel.obj (.const:.string)
                  80021164    00000094     c66xx_ipc.obj (.const:.string)
                  800211f8    00000068     c66xx_cic.obj (.const:.string)
                  80021260    00000064     c66xx_timer.obj (.const:.string)
                  800212c4    00000064     osekMRpcFunc.obj (.const:.string)
                  80021328    0000003c     c66xx_init.obj (.const:.string)
                  80021364    00000038     osekMExecution.obj (.const:.string)
                  8002139c    00000034     c66xx_exception.obj (.const:.string)
                  800213d0    00000023     rts6600_elf.lib : _printfi.obj (.const:.string)
                  800213f3    00000001     --HOLE-- [fill = 0]
                  800213f4    00000014     c66xx_spinlock.obj (.const:.string)
                  80021408    00000008     --HOLE-- [fill = 0]
                  80021410    00000008     rts6600_elf.lib : divd.obj (.const:initial_approx$1)

.neardata 
*          0    80021418    0000001f     
                  80021418    0000000c     main.obj (.neardata)
                  80021424    0000000c     osekMHook.obj (.neardata)
                  80021430    00000004     c66xx_ipc.obj (.neardata)
                  80021434    00000003     osekMExecution.obj (.neardata)

.bss       0    80021437    00000000     UNINITIALIZED

.rodata    0    80021437    00000000     UNINITIALIZED

.cinit     0    80021438    00000374     
                  80021438    0000033c     (.cinit..fardata.load) [load image, compression = rle]
                  80021774    0000000c     (.cinit..neardata.load) [load image, compression = rle]
                  80021780    0000000c     (__TI_handler_table)
                  8002178c    00000008     (.cinit..far.load) [load image, compression = zero_init]
                  80021794    00000018     (__TI_cinit_table)

.text:vecs 
*          0    80021800    00000200     
                  80021800    00000200     c66xx_vectors.obj (.text:vecs)


LINKER GENERATED COPY TABLES

__TI_cinit_table @ 80021794 records: 3, size/record: 8, table size: 24
	.fardata: load addr=80021438, load size=0000033c bytes, run addr=80020630, run size=00000798 bytes, compression=rle
	.neardata: load addr=80021774, load size=0000000c bytes, run addr=80021418, run size=0000001f bytes, compression=rle
	.far: load addr=8002178c, load size=00000008 bytes, run addr=80018740, run size=00007ef0 bytes, compression=zero_init


LINKER GENERATED HANDLER TABLE

__TI_handler_table @ 80021780 records: 3, size/record: 4, table size: 12
	index: 0, handler: __TI_zero_init
	index: 1, handler: __TI_decompress_rle24
	index: 2, handler: __TI_decompress_none


GLOBAL SYMBOLS: SORTED ALPHABETICALLY BY Name 

address    name
--------   ----
800085cc   AckTimerInt
80000878   ActivateTask
80008854   BSP_AckDspInterrupt
80005eec   BSP_AckIpc
8000e614   BSP_ArchInit
8000bfd4   BSP_ClearAllSpinlock
8000894c   BSP_ClearDspInterrupt
800089a8   BSP_ClearDspInterruptAll
800087f4   BSP_DisableDspInterrupt
8000d468   BSP_DisableIer
8000d408   BSP_DisableInt
8000d4d4   BSP_DisableIntIrqSave
80005f18   BSP_DoIpc
80006108   BSP_DoIpcSimple
80008794   BSP_EnableDspInterrupt
8000d44c   BSP_EnableIer
8000d418   BSP_EnableInt
8000d4e0   BSP_EnableIntIrqRestore
80008724   BSP_GetC6xTimer
80003900   BSP_GetCicChip
800058c4   BSP_GetCurCombineAllState
80005828   BSP_GetCurCombineState
80005710   BSP_GetCurCorepacIntc
8000d3e8   BSP_GetCurDp
80005790   BSP_GetCurEvent
8000d3f0   BSP_GetCurSp
8000bfa0   BSP_GetSpinlock
8000c020   BSP_GetSpinlockIrqSaved
8000e6e0   BSP_GetTransactionData
80008670   BSP_InitC6xTimer
80004450   BSP_InitCic
80005734   BSP_InitCurCorepac
80005d40   BSP_InitIPCModule
8000d3b0   BSP_InitializeIntCtr
8000d3a0   BSP_InitializeVector
8000d440   BSP_IntMaskRestore
8000d430   BSP_IntMaskSave
80005e00   BSP_InterruptCore
80008ba0   BSP_IsrHandlerEntry
8000d4cc   BSP_MemoryFence
80005ce0   BSP_MessageListIsEmpty
8000d3f8   BSP_RawGetCoreId
8000d488   BSP_ReadIer
8000d4c0   BSP_ReadIfr
80005eb8   BSP_ReadIpcMsg
80005c4c   BSP_ReadMessage
8000bfb0   BSP_ReleaseSpinlock
8000c038   BSP_ReleaseSpinlockIrqRestore
80005ba8   BSP_SendMessage
800088f0   BSP_SetDspInterrupt
80008314   BSP_TimeInterruptISR
8000bfc4   BSP_TryToGeSpinlock
8000d4b0   BSP_WriteIcr
8000d494   BSP_WriteIer
8000d4a4   BSP_WriteIsr
80010620   C$$EXIT
80010338   C$$IO$$
8001c740   C0_TaskStack
8001d6c0   C1_TaskStack
80003400   CancelAlarm
80000c0c   ChainTask
80003934   CicInit
800063c0   ClearEvent
80007734   CounterTrigger
80009b64   DisableAllInterrupts
8000c560   DisableOSInt
80009b94   EnableAllInterrupts
8000c580   EnableOSInt
800096b8   ErrorHook
800095f8   FuncEventTask
80009690   FuncFuelMassCalTask
80009518   FuncIntActivateTask
80009668   FuncJ1939Task
80009644   FuncJobStatusTask
80009594   FuncOS_5ms_task
80009464   FuncStartTask
80009548   FuncTenmsTask
80002ae4   GetAlarm
800029b4   GetAlarmBase
80007844   GetCounterInfo
80007660   GetCounterValue
80006704   GetEvent
80008ff4   GetSpinlock
80001224   GetTaskID
80001104   GetTaskState
8000f420   HOSTclock
8000f4c0   HOSTclose
8000de60   HOSTlseek
8000e360   HOSTopen
8000ea60   HOSTread
8000c5a0   HOSTrename
8000f560   HOSTtime
8000eb20   HOSTunlink
8000ebe0   HOSTwrite
800096e8   IdleLoopHook
800074b4   InitCounter
80008338   InitTimer
800203d0   MessageBoxNode
80000304   OSEK_TASK_CallTaskEntry
80009a84   OSMain
80020410   PerCoreMessageList
800096d0   PostTaskHook
800096cc   PreTaskHook
80009104   ReleaseSpinlock
80009c50   ResumeAllInterrupts
80009d74   ResumeOSInterrupts
80000f90   Schedule
80003140   SetAbsAlarm
80002d0c   SetAlarm
800061f4   SetEvent
80002e4c   SetRelAlarm
80009ae8   ShutdownAllCores
800096d8   ShutdownHook
80009944   ShutdownOS
8000998c   StartCore
80009828   StartOS
800096d4   StartupHook
80009bd0   SuspendAllInterrupts
80009cf8   SuspendOSInterrupts
80000a30   TerminateTask
8000972c   TimingInt
80009210   TryToGetSpinlock
800064e8   WaitEvent
00840000   __CIOBUF_
80021794   __TI_CINIT_Base
800217ac   __TI_CINIT_Limit
80021780   __TI_Handler_Table_Base
8002178c   __TI_Handler_Table_Limit
00840000   __TI_STACK_END
00040000   __TI_STACK_SIZE
80021418   __TI_STATIC_BASE
00008000   __TI_SYSMEM_SIZE
00000001   __TI_args_main
80010680   __TI_decompress_none
800106c0   __TI_decompress_rle
800106a0   __TI_decompress_rle24
80020d8c   __TI_enable_exit_profile_output
ffffffff   __TI_pprof_out_hndl
ffffffff   __TI_prof_data_size
ffffffff   __TI_prof_data_start
8000e8a0   __TI_zero_init
ffffffff   __binit__
80006900   __c6xabi_divd
8000f600   __c6xabi_divli
8000d8c0   __c6xabi_divlli
8000eca0   __c6xabi_divu
8000c740   __c6xabi_divul
8000b3a0   __c6xabi_divull
8000d240   __c6xabi_frcmpyd_div
80010340   __c6xabi_isinf
8000fc40   __c6xabi_llshl
80010040   __c6xabi_llshr
800100a0   __c6xabi_llshru
80010540   __c6xabi_negll
80010400   __c6xabi_remli
80010100   __c6xabi_remlli
80010440   __c6xabi_remul
80010160   __c6xabi_remull
ffffffff   __c_args__
8000eca0   __divu
80008ed0   __func_test
80010560   __tdeh_init
80010480   _args_main
8000cf40   _auto_init_elf
8000fcc0   _c_int00
8000ed60   _cleanup
80020d84   _cleanup_ptr
80020ee0   _ctypes_
8000ee20   _doflush
80020d88   _dtors_ptr
80020bdc   _ft_end
80020830   _ftable
80020998   _lock
8000fd40   _minit
80010580   _nop
80007e80   _printfi
8000eee0   _rd_ok
800105e0   _register_lock
80010600   _register_unlock
00800000   _stack
800101c0   _subcull
80010740   _sys_memory
80020470   _tmpnams
8002099c   _unlock
80021800   _vectors
8000df60   _wrt_ok
80010620   abort
80010640   abs
8000c8e0   add_device
8000e520   atoi
ffffffff   binit
80004c40   c_int10
80004d18   c_int11
80004df4   c_int12
80004ecc   c_int13
80004fa8   c_int14
80005084   c_int15
80004720   c_int4
800047f8   c_int5
800048d4   c_int6
800049ac   c_int7
80004a88   c_int8
80004b64   c_int9
8000fdc0   calloc
8000e7c0   close
8000e060   copy_in
8001e770   core0_TaskReadyTaskTable
80020cd0   core0_almControl_table
8001d680   core0_alm_table
80020cf0   core0_counterCfg_table
8001d650   core0_counter_table
80020ac0   core0_taskConfig_table
8001d3f0   core0_taskContext_table
8001d340   core0_taskControlblock_table
8001d630   core0_taskRead_block
80020070   core0_tick
8001e970   core1_TaskReadyTaskTable
80020d10   core1_almControl_table
8001e140   core1_alm_table
80020d90   core1_counterCfg_table
8001e120   core1_counter_table
80020ba0   core1_taskConfig_table
8001df48   core1_taskContext_table
8001dec0   core1_taskControlblock_table
8001e100   core1_taskRead_block
80020080   core1_tick
8001eb70   core2_TaskReadyTaskTable
80020da0   core2_counterCfg_table
8001e3e0   core2_counter_table
80020be0   core2_taskConfig_table
8001e208   core2_taskContext_table
8001e180   core2_taskControlblock_table
8001e3c0   core2_taskRead_block
8001ed70   core3_TaskReadyTaskTable
80020d30   core3_almControl_table
8001e730   core3_alm_table
80020db0   core3_counterCfg_table
8001e710   core3_counter_table
80020b10   core3_taskConfig_table
8001e4b0   core3_taskContext_table
8001e400   core3_taskControlblock_table
8001e6f0   core3_taskRead_block
8001ef70   coreIpcDatas
80020a10   coreRpcFunc
80020d70   coreSpinlocks
80021420   count
8000e980   exit
8000dc20   fclose
8000e160   fflush
800106e0   find_registered_device
80010220   fopen
8000d640   fputc
80009e20   fputs
8000aec0   free
8000fe40   freopen
8000efa0   fseek
80008f80   func_test
80008f08   func_test_stub
80008da4   func_test_stub_proxy
8000e260   getenv
800096ec   hello_world
80010700   labs
800104c0   llabs
8000f060   lseek
8000f120   ltoa
80009714   main
8000ca80   malloc
8000b140   memalign
80010280   memccpy
8000fb00   memcpy
8000fb54   memset
800201d0   msg1
8000d0c0   open
800036a0   osekAlarm_Check1
80003754   osekAlarm_Check2
80003810   osekAlarm_Initialize
80020d50   osekAlarm_alarmsMap
80020630   osekConfig_InterruptEntryTable
80020b60   osekConfig_InterruptTypeTable
80007924   osekCounter_Initialize
80006174   osekEvent_SetEvent
8002142c   osekHook_ErrorNestedLevel
80021428   osekHook_ObjId
80021424   osekHook_ServiceId
80009b14   osekInterrupt_Initialize
8000dd54   osekKernel_Initialize
80020c20   osekKernel_coreAlarms
80020c50   osekKernel_coreCounters
800209a0   osekKernel_coreTasks
80020090   osekKernel_osKernel
80009348   osekSpinLock_Init
8001fe70   osekSpin_LockTable
8000c538   osekTarget_LoadBTSP_do
8000c52c   osekTarget_LoadETSP
8000c484   osekTarget_RestoreContext
8000c3e0   osekTarget_SaveContext
800003f4   osekTask_ActiveTask
80000348   osekTask_ChangeRunningTaskPriority
80000554   osekTask_Dispatch
80001294   osekTask_Initialize
80020730   osekTask_PriorityIndexTable
80000738   osekTask_TerminateDispatch
80000508   osekTask_WaitTask
80000490   osekTask_WakeTask
80020c80   osekTask_tasksMap
8000fec0   printf
8000d640   putc
80010720   putchar
80010500   puts
8000f1e0   read
8000ff40   readmsg
8000a400   realloc
8000ffc0   remove
8000fa60   remove_device
8000f2a0   rename
80002dac   rpc_SetAlarm
800017f4   rpc_activateTask_Server
800016a0   rpc_activateTask_stub
80002834   rpc_cancelAlarm_Server
800026f0   rpc_cancelAlarm_stub
800025b4   rpc_getAlarm_Server
80002464   rpc_getAlarm_stub
80001a68   rpc_getTaskState_Server
80001924   rpc_getTaskState_stub
800205e0   rpc_nodes
800022b4   rpc_setAbsAlarm_Server
8000214c   rpc_setAbsAlarm_stub
80001cd8   rpc_setEvent_Server
80001b98   rpc_setEvent_stub
80001f40   rpc_setRelAlarm_Server
80001dd8   rpc_setRelAlarm_stub
8000cc20   setvbuf
80009414   sleep
80021418   testVar1
8002141c   testVar2
8001feb0   timer_devs
8000ffc0   unlink
8000e780   wait
8000f360   write
800102e0   writemsg


GLOBAL SYMBOLS: SORTED BY Symbol Address 

address    name
--------   ----
00000001   __TI_args_main
00008000   __TI_SYSMEM_SIZE
00040000   __TI_STACK_SIZE
00800000   _stack
00840000   __CIOBUF_
00840000   __TI_STACK_END
80000304   OSEK_TASK_CallTaskEntry
80000348   osekTask_ChangeRunningTaskPriority
800003f4   osekTask_ActiveTask
80000490   osekTask_WakeTask
80000508   osekTask_WaitTask
80000554   osekTask_Dispatch
80000738   osekTask_TerminateDispatch
80000878   ActivateTask
80000a30   TerminateTask
80000c0c   ChainTask
80000f90   Schedule
80001104   GetTaskState
80001224   GetTaskID
80001294   osekTask_Initialize
800016a0   rpc_activateTask_stub
800017f4   rpc_activateTask_Server
80001924   rpc_getTaskState_stub
80001a68   rpc_getTaskState_Server
80001b98   rpc_setEvent_stub
80001cd8   rpc_setEvent_Server
80001dd8   rpc_setRelAlarm_stub
80001f40   rpc_setRelAlarm_Server
8000214c   rpc_setAbsAlarm_stub
800022b4   rpc_setAbsAlarm_Server
80002464   rpc_getAlarm_stub
800025b4   rpc_getAlarm_Server
800026f0   rpc_cancelAlarm_stub
80002834   rpc_cancelAlarm_Server
800029b4   GetAlarmBase
80002ae4   GetAlarm
80002d0c   SetAlarm
80002dac   rpc_SetAlarm
80002e4c   SetRelAlarm
80003140   SetAbsAlarm
80003400   CancelAlarm
800036a0   osekAlarm_Check1
80003754   osekAlarm_Check2
80003810   osekAlarm_Initialize
80003900   BSP_GetCicChip
80003934   CicInit
80004450   BSP_InitCic
80004720   c_int4
800047f8   c_int5
800048d4   c_int6
800049ac   c_int7
80004a88   c_int8
80004b64   c_int9
80004c40   c_int10
80004d18   c_int11
80004df4   c_int12
80004ecc   c_int13
80004fa8   c_int14
80005084   c_int15
80005710   BSP_GetCurCorepacIntc
80005734   BSP_InitCurCorepac
80005790   BSP_GetCurEvent
80005828   BSP_GetCurCombineState
800058c4   BSP_GetCurCombineAllState
80005ba8   BSP_SendMessage
80005c4c   BSP_ReadMessage
80005ce0   BSP_MessageListIsEmpty
80005d40   BSP_InitIPCModule
80005e00   BSP_InterruptCore
80005eb8   BSP_ReadIpcMsg
80005eec   BSP_AckIpc
80005f18   BSP_DoIpc
80006108   BSP_DoIpcSimple
80006174   osekEvent_SetEvent
800061f4   SetEvent
800063c0   ClearEvent
800064e8   WaitEvent
80006704   GetEvent
80006900   __c6xabi_divd
800074b4   InitCounter
80007660   GetCounterValue
80007734   CounterTrigger
80007844   GetCounterInfo
80007924   osekCounter_Initialize
80007e80   _printfi
80008314   BSP_TimeInterruptISR
80008338   InitTimer
800085cc   AckTimerInt
80008670   BSP_InitC6xTimer
80008724   BSP_GetC6xTimer
80008794   BSP_EnableDspInterrupt
800087f4   BSP_DisableDspInterrupt
80008854   BSP_AckDspInterrupt
800088f0   BSP_SetDspInterrupt
8000894c   BSP_ClearDspInterrupt
800089a8   BSP_ClearDspInterruptAll
80008ba0   BSP_IsrHandlerEntry
80008da4   func_test_stub_proxy
80008ed0   __func_test
80008f08   func_test_stub
80008f80   func_test
80008ff4   GetSpinlock
80009104   ReleaseSpinlock
80009210   TryToGetSpinlock
80009348   osekSpinLock_Init
80009414   sleep
80009464   FuncStartTask
80009518   FuncIntActivateTask
80009548   FuncTenmsTask
80009594   FuncOS_5ms_task
800095f8   FuncEventTask
80009644   FuncJobStatusTask
80009668   FuncJ1939Task
80009690   FuncFuelMassCalTask
800096b8   ErrorHook
800096cc   PreTaskHook
800096d0   PostTaskHook
800096d4   StartupHook
800096d8   ShutdownHook
800096e8   IdleLoopHook
800096ec   hello_world
80009714   main
8000972c   TimingInt
80009828   StartOS
80009944   ShutdownOS
8000998c   StartCore
80009a84   OSMain
80009ae8   ShutdownAllCores
80009b14   osekInterrupt_Initialize
80009b64   DisableAllInterrupts
80009b94   EnableAllInterrupts
80009bd0   SuspendAllInterrupts
80009c50   ResumeAllInterrupts
80009cf8   SuspendOSInterrupts
80009d74   ResumeOSInterrupts
80009e20   fputs
8000a400   realloc
8000aec0   free
8000b140   memalign
8000b3a0   __c6xabi_divull
8000bfa0   BSP_GetSpinlock
8000bfb0   BSP_ReleaseSpinlock
8000bfc4   BSP_TryToGeSpinlock
8000bfd4   BSP_ClearAllSpinlock
8000c020   BSP_GetSpinlockIrqSaved
8000c038   BSP_ReleaseSpinlockIrqRestore
8000c3e0   osekTarget_SaveContext
8000c484   osekTarget_RestoreContext
8000c52c   osekTarget_LoadETSP
8000c538   osekTarget_LoadBTSP_do
8000c560   DisableOSInt
8000c580   EnableOSInt
8000c5a0   HOSTrename
8000c740   __c6xabi_divul
8000c8e0   add_device
8000ca80   malloc
8000cc20   setvbuf
8000cf40   _auto_init_elf
8000d0c0   open
8000d240   __c6xabi_frcmpyd_div
8000d3a0   BSP_InitializeVector
8000d3b0   BSP_InitializeIntCtr
8000d3e8   BSP_GetCurDp
8000d3f0   BSP_GetCurSp
8000d3f8   BSP_RawGetCoreId
8000d408   BSP_DisableInt
8000d418   BSP_EnableInt
8000d430   BSP_IntMaskSave
8000d440   BSP_IntMaskRestore
8000d44c   BSP_EnableIer
8000d468   BSP_DisableIer
8000d488   BSP_ReadIer
8000d494   BSP_WriteIer
8000d4a4   BSP_WriteIsr
8000d4b0   BSP_WriteIcr
8000d4c0   BSP_ReadIfr
8000d4cc   BSP_MemoryFence
8000d4d4   BSP_DisableIntIrqSave
8000d4e0   BSP_EnableIntIrqRestore
8000d640   fputc
8000d640   putc
8000d8c0   __c6xabi_divlli
8000dc20   fclose
8000dd54   osekKernel_Initialize
8000de60   HOSTlseek
8000df60   _wrt_ok
8000e060   copy_in
8000e160   fflush
8000e260   getenv
8000e360   HOSTopen
8000e520   atoi
8000e614   BSP_ArchInit
8000e6e0   BSP_GetTransactionData
8000e780   wait
8000e7c0   close
8000e8a0   __TI_zero_init
8000e980   exit
8000ea60   HOSTread
8000eb20   HOSTunlink
8000ebe0   HOSTwrite
8000eca0   __c6xabi_divu
8000eca0   __divu
8000ed60   _cleanup
8000ee20   _doflush
8000eee0   _rd_ok
8000efa0   fseek
8000f060   lseek
8000f120   ltoa
8000f1e0   read
8000f2a0   rename
8000f360   write
8000f420   HOSTclock
8000f4c0   HOSTclose
8000f560   HOSTtime
8000f600   __c6xabi_divli
8000fa60   remove_device
8000fb00   memcpy
8000fb54   memset
8000fc40   __c6xabi_llshl
8000fcc0   _c_int00
8000fd40   _minit
8000fdc0   calloc
8000fe40   freopen
8000fec0   printf
8000ff40   readmsg
8000ffc0   remove
8000ffc0   unlink
80010040   __c6xabi_llshr
800100a0   __c6xabi_llshru
80010100   __c6xabi_remlli
80010160   __c6xabi_remull
800101c0   _subcull
80010220   fopen
80010280   memccpy
800102e0   writemsg
80010338   C$$IO$$
80010340   __c6xabi_isinf
80010400   __c6xabi_remli
80010440   __c6xabi_remul
80010480   _args_main
800104c0   llabs
80010500   puts
80010540   __c6xabi_negll
80010560   __tdeh_init
80010580   _nop
800105e0   _register_lock
80010600   _register_unlock
80010620   C$$EXIT
80010620   abort
80010640   abs
80010680   __TI_decompress_none
800106a0   __TI_decompress_rle24
800106c0   __TI_decompress_rle
800106e0   find_registered_device
80010700   labs
80010720   putchar
80010740   _sys_memory
8001c740   C0_TaskStack
8001d340   core0_taskControlblock_table
8001d3f0   core0_taskContext_table
8001d630   core0_taskRead_block
8001d650   core0_counter_table
8001d680   core0_alm_table
8001d6c0   C1_TaskStack
8001dec0   core1_taskControlblock_table
8001df48   core1_taskContext_table
8001e100   core1_taskRead_block
8001e120   core1_counter_table
8001e140   core1_alm_table
8001e180   core2_taskControlblock_table
8001e208   core2_taskContext_table
8001e3c0   core2_taskRead_block
8001e3e0   core2_counter_table
8001e400   core3_taskControlblock_table
8001e4b0   core3_taskContext_table
8001e6f0   core3_taskRead_block
8001e710   core3_counter_table
8001e730   core3_alm_table
8001e770   core0_TaskReadyTaskTable
8001e970   core1_TaskReadyTaskTable
8001eb70   core2_TaskReadyTaskTable
8001ed70   core3_TaskReadyTaskTable
8001ef70   coreIpcDatas
8001fe70   osekSpin_LockTable
8001feb0   timer_devs
80020070   core0_tick
80020080   core1_tick
80020090   osekKernel_osKernel
800201d0   msg1
800203d0   MessageBoxNode
80020410   PerCoreMessageList
80020470   _tmpnams
800205e0   rpc_nodes
80020630   osekConfig_InterruptEntryTable
80020730   osekTask_PriorityIndexTable
80020830   _ftable
80020998   _lock
8002099c   _unlock
800209a0   osekKernel_coreTasks
80020a10   coreRpcFunc
80020ac0   core0_taskConfig_table
80020b10   core3_taskConfig_table
80020b60   osekConfig_InterruptTypeTable
80020ba0   core1_taskConfig_table
80020bdc   _ft_end
80020be0   core2_taskConfig_table
80020c20   osekKernel_coreAlarms
80020c50   osekKernel_coreCounters
80020c80   osekTask_tasksMap
80020cd0   core0_almControl_table
80020cf0   core0_counterCfg_table
80020d10   core1_almControl_table
80020d30   core3_almControl_table
80020d50   osekAlarm_alarmsMap
80020d70   coreSpinlocks
80020d84   _cleanup_ptr
80020d88   _dtors_ptr
80020d8c   __TI_enable_exit_profile_output
80020d90   core1_counterCfg_table
80020da0   core2_counterCfg_table
80020db0   core3_counterCfg_table
80020ee0   _ctypes_
80021418   __TI_STATIC_BASE
80021418   testVar1
8002141c   testVar2
80021420   count
80021424   osekHook_ServiceId
80021428   osekHook_ObjId
8002142c   osekHook_ErrorNestedLevel
80021780   __TI_Handler_Table_Base
8002178c   __TI_Handler_Table_Limit
80021794   __TI_CINIT_Base
800217ac   __TI_CINIT_Limit
80021800   _vectors
ffffffff   __TI_pprof_out_hndl
ffffffff   __TI_prof_data_size
ffffffff   __TI_prof_data_start
ffffffff   __binit__
ffffffff   __c_args__
ffffffff   binit

[340 symbols]
