******************************************************************************
               TMS320C6x Linker PC v7.2.1                      
******************************************************************************
>> Linked Mon Oct 28 13:16:54 2013

OUTPUT FILE NAME:   <UCOSII_Double.out>
ENTRY POINT SYMBOL: "_c_int00"  address: 0084cd20


MEMORY CONFIGURATION

         name            origin    length      used     unused   attr    fill
----------------------  --------  ---------  --------  --------  ----  --------
  L2_SHARED             00800000   00080000  00052934  0002d6cc  RWIX
  MSMC_SHARED           0c000000   00400000  00000000  00400000  RWIX
  CORE0_L2SRAM          10800000   00080000  00000000  00080000  RWIX
  CORE1_L2SRAM          11800000   00080000  00000000  00080000  RWIX
  CORE2_L2SRAM          12800000   00080000  00000000  00080000  RWIX
  CORE3_L2SRAM          13800000   00080000  00000000  00080000  RWIX
  CORE4_L2SRAM          14800000   00080000  00000000  00080000  RWIX
  CORE5_L2SRAM          15800000   00080000  00000000  00080000  RWIX
  CORE6_L2SRAM          16800000   00080000  00000000  00080000  RWIX
  CORE7_L2SRAM          17800000   00080000  00000000  00080000  RWIX
  DDR_SHARED            80000000   20000000  00008000  1fff8000  RWIX


SEGMENT ALLOCATION MAP

run origin  load origin   length   init length attrs members
----------  ----------- ---------- ----------- ----- -------
00800000    00800000    00040000   00000000    rw-
  00800000    00800000    00040000   00000000    rw- .stack
00840000    00840000    0000d3e0   0000d3e0    r-x
  00840000    00840000    0000d3e0   0000d3e0    r-x .text
0084d3e0    0084d3e0    000049b0   00000000    rw-
  0084d3e0    0084d3e0    000049b0   00000000    rw- .far
00851d90    00851d90    00000538   00000538    r--
  00851d90    00851d90    00000538   00000538    r-- .const
008522d0    008522d0    00000374   00000208    rw-
  008522d0    008522d0    00000208   00000208    rw- .fardata
  008524d8    008524d8    00000120   00000000    rw- .cio
  008525f8    008525f8    0000004c   00000000    rw- .bss
00852644    00852644    000000f8   000000f8    r--
  00852644    00852644    00000030   00000030    r-- .switch
  00852674    00852674    000000c8   000000c8    r-- .cinit
00852800    00852800    00000200   00000200    r-x
  00852800    00852800    00000200   00000200    r-x .text:vecs
80000000    80000000    00008000   00000000    rw-
  80000000    80000000    00008000   00000000    rw- .sysmem


SECTION ALLOCATION MAP

 output                                  attributes/
section   page    origin      length       input sections
--------  ----  ----------  ----------   ----------------
.stack     0    00800000    00040000     UNINITIALIZED
                  00800000    00000008     rts6600_elf.lib : boot.obj (.stack)
                  00800008    0003fff8     --HOLE--

.text      0    00840000    0000d3e0     
                  00840000    00000ee0     OS_FLAG.obj (.text)
                  00840ee0    00000e60     c66xx_cic.obj (.text)
                  00841d40    00000d80     OS_CORE.obj (.text)
                  00842ac0    00000d00     OS_TASK.obj (.text)
                  008437c0    00000b20     os_inc_vector.obj (.text)
                  008442e0    00000a80     OS_Q.obj (.text)
                  00844d60    000008c0     c66xx_corepac.obj (.text)
                  00845620    000005e0     rts6600_elf.lib : divd.obj (.text:__c6xabi_divd)
                  00845c00    000005c0                     : _printfi.obj (.text:_getarg_diouxp)
                  008461c0    000004a0                     : _printfi.obj (.text:_setfield)
                  00846660    00000480                     : _printfi.obj (.text:_printfi)
                  00846ae0    00000480     c66xx_timer.obj (.text)
                  00846f60    00000480     os_cpu_c.obj (.text)
                  008473e0    00000400     OS_MEM.obj (.text)
                  008477e0    00000320     OS_TIME.obj (.text)
                  00847b00    00000300     rts6600_elf.lib : fputs.obj (.text:fputs)
                  00847e00    000002e0                     : _printfi.obj (.text:_pproc_fwp)
                  008480e0    000002e0     c66xx_exception.obj (.text)
                  008483c0    000002c0     rts6600_elf.lib : _printfi.obj (.text:_pproc_fge)
                  00848680    000002a0                     : _printfi.obj (.text:fcvt)
                  00848920    000002a0     sc_os.obj (.text)
                  00848bc0    00000280     rts6600_elf.lib : _printfi.obj (.text:ecvt)
                  00848e40    00000280                     : memory.obj (.text:free)
                  008490c0    00000240                     : imath64.obj (.text:__c6xabi_divull)
                  00849300    00000240                     : _printfi.obj (.text:_pconv_e)
                  00849540    00000220                     : _printfi.obj (.text:_pproc_diouxp)
                  00849760    00000220                     : _printfi.obj (.text:_pproc_str)
                  00849980    00000200                     : _printfi.obj (.text:_pconv_g)
                  00849b80    00000200     c66xx_spinlock.obj (.text)
                  00849d80    000001c0     rts6600_elf.lib : _printfi.obj (.text:_mcpy)
                  00849f40    000001c0     sc_int.obj (.text)
                  0084a100    000001a0     rts6600_elf.lib : trgdrv.obj (.text:HOSTrename)
                  0084a2a0    000001a0                     : imath40.obj (.text:__c6xabi_divul)
                  0084a440    000001a0     c66xx_regs.obj (.text)
                  0084a5e0    000001a0     rts6600_elf.lib : memory.obj (.text:malloc)
                  0084a780    000001a0     os_cpu_a.obj (.text)
                  0084a920    000001a0     rts6600_elf.lib : setvbuf.obj (.text:setvbuf)
                  0084aac0    00000180                     : copy_decompress_rle.obj (.text:__TI_decompress_rle_core)
                  0084ac40    00000180                     : autoinit.obj (.text:_auto_init_elf)
                  0084adc0    00000180     ucmain.obj (.text)
                  0084af40    00000160     rts6600_elf.lib : frcmpyd_div.obj (.text:__c6xabi_frcmpyd_div)
                  0084b0a0    00000140                     : _printfi.obj (.text:_pproc_fflags)
                  0084b1e0    00000140     c66xx_init.obj (.text)
                  0084b320    00000140     rts6600_elf.lib : fputc.obj (.text:fputc)
                  0084b460    00000140                     : lowlev.obj (.text:getdevice)
                  0084b5a0    00000120                     : _printfi.obj (.text:_ltostr)
                  0084b6c0    00000120                     : fclose.obj (.text:fclose)
                  0084b7e0    00000100                     : trgdrv.obj (.text:HOSTlseek)
                  0084b8e0    00000100                     : _io_perm.obj (.text:_wrt_ok)
                  0084b9e0    00000100                     : cpy_tbl.obj (.text:copy_in)
                  0084bae0    000000e0                     : trgdrv.obj (.text:HOSTopen)
                  0084bbc0    000000e0                     : _printfi.obj (.text:_div)
                  0084bca0    000000e0                     : atoi.obj (.text:atoi)
                  0084bd80    000000e0                     : lowlev.obj (.text:close)
                  0084be60    000000e0                     : copy_zero_init.obj (.text:decompress:ZI:__TI_zero_init)
                  0084bf40    000000e0                     : exit.obj (.text:exit)
                  0084c020    000000c0                     : trgdrv.obj (.text:HOSTread)
                  0084c0e0    000000c0                     : trgdrv.obj (.text:HOSTunlink)
                  0084c1a0    000000c0                     : trgdrv.obj (.text:HOSTwrite)
                  0084c260    000000c0                     : divu.obj (.text:__divu)
                  0084c320    000000c0                     : fopen.obj (.text:_cleanup)
                  0084c3e0    000000c0                     : fflush.obj (.text:_doflush)
                  0084c4a0    000000c0                     : fseek.obj (.text:fseek)
                  0084c560    000000c0                     : lowlev.obj (.text:lseek)
                  0084c620    000000c0                     : ltoa.obj (.text:ltoa)
                  0084c6e0    000000c0                     : lowlev.obj (.text:write)
                  0084c7a0    000000a0                     : trgdrv.obj (.text:HOSTclose)
                  0084c840    000000a0                     : _printfi.obj (.text:_ecpy)
                  0084c8e0    000000a0                     : _printfi.obj (.text:_fcpy)
                  0084c980    000000a0                     : _printfi.obj (.text:_pconv_f)
                  0084ca20    000000a0                     : lowlev.obj (.text:finddevice)
                  0084cac0    000000a0                     : memory.obj (.text:minsert)
                  0084cb60    000000a0                     : memory.obj (.text:mremove)
                  0084cc00    000000a0     string.obj (.text)
                  0084cca0    00000080     rts6600_elf.lib : llshift.obj (.text:__c6xabi_llshl)
                  0084cd20    00000080                     : boot.obj (.text:_c_int00)
                  0084cda0    00000080                     : memory.obj (.text:_minit)
                  0084ce20    00000080                     : printf.obj (.text:printf)
                  0084cea0    00000080                     : trgmsg.obj (.text:readmsg)
                  0084cf20    00000080                     : lowlev.obj (.text:unlink)
                  0084cfa0    00000060                     : llshift.obj (.text:__c6xabi_llshru)
                  0084d000    00000060                     : imath64.obj (.text:_subcull)
                  0084d060    00000060     main.obj (.text)
                  0084d0c0    00000060     rts6600_elf.lib : memccpy.obj (.text:memccpy)
                  0084d120    00000060                     : trgmsg.obj (.text:writemsg)
                  0084d180    00000040                     : isinf.obj (.text:__c6xabi_isinf)
                  0084d1c0    00000040                     : _printfi.obj (.text:__c6xabi_isnan)
                  0084d200    00000040                     : divd.obj (.text:__c6xabi_isnan)
                  0084d240    00000040                     : strasg.obj (.text:__strasgi_64plus)
                  0084d280    00000040                     : args_main.obj (.text:_args_main)
                  0084d2c0    00000020                     : negll.obj (.text:__c6xabi_negll)
                  0084d2e0    00000020                     : tdeh_init.obj (.text:__tdeh_init)
                  0084d300    00000020                     : _lock.obj (.text:_nop)
                  0084d320    00000020                     : printf.obj (.text:_outc)
                  0084d340    00000020                     : printf.obj (.text:_outs)
                  0084d360    00000020                     : exit.obj (.text:abort)
                  0084d380    00000020     c66xx_vectors.obj (.text)
                  0084d3a0    00000020     rts6600_elf.lib : copy_decompress_none.obj (.text:decompress:none:__TI_decompress_none)
                  0084d3c0    00000020                     : copy_decompress_rle.obj (.text:decompress:rle24:__TI_decompress_rle24)

.far       0    0084d3e0    000049b0     UNINITIALIZED
                  0084d3e0    00003000     ucmain.obj (.far)
                  008503e0    00001440     OS_CORE.obj (.far)
                  00851820    000001e0     c66xx_timer.obj (.far)
                  00851a00    000000d8     rts6600_elf.lib : trgdrv.obj (.far)
                  00851ad8    00000008     --HOLE--
                  00851ae0    000000a0                     : defs.obj (.far)
                  00851b80    00000090     c66xx_cic.obj (.far)
                  00851c10    00000088     sc_int.obj (.far)
                  00851c98    00000008     --HOLE--
                  00851ca0    00000080     c66xx_corepac.obj (.far)
                  00851d20    00000070     sc_os.obj (.far)

.const     0    00851d90    00000538     
                  00851d90    00000108     c66xx_corepac.obj (.const:.string)
                  00851e98    00000008     --HOLE-- [fill = 0]
                  00851ea0    00000101     rts6600_elf.lib : ctype.obj (.const:_ctypes_)
                  00851fa1    0000000f     --HOLE-- [fill = 0]
                  00851fb0    00000100     OS_CORE.obj (.const:OSUnMapTbl)
                  008520b0    00000068     c66xx_cic.obj (.const:.string)
                  00852118    00000064     c66xx_timer.obj (.const:.string)
                  0085217c    00000058     c66xx_exception.obj (.const:.string)
                  008521d4    00000058     ucmain.obj (.const:.string)
                  0085222c    0000002c     sc_int.obj (.const:.string)
                  00852258    00000023     rts6600_elf.lib : _printfi.obj (.const:.string)
                  0085227b    00000001     --HOLE-- [fill = 0]
                  0085227c    00000018     main.obj (.const:.string)
                  00852294    00000014     c66xx_spinlock.obj (.const:.string)
                  008522a8    00000008     --HOLE-- [fill = 0]
                  008522b0    00000008     OS_CORE.obj (.const:OSMapTbl)
                  008522b8    00000008     --HOLE-- [fill = 0]
                  008522c0    00000008     rts6600_elf.lib : divd.obj (.const:initial_approx$1)

.fardata   0    008522d0    00000208     
                  008522d0    000000f0     rts6600_elf.lib : defs.obj (.fardata:_ftable)
                  008523c0    00000078                     : lowlev.obj (.fardata:_device)
                  00852438    00000008                     : _lock.obj (.fardata)
                  00852440    00000050                     : lowlev.obj (.fardata:_stream)
                  00852490    00000024     c66xx_corepac.obj (.fardata)
                  008524b4    0000000c     rts6600_elf.lib : exit.obj (.fardata)
                  008524c0    0000000c                     : memory.obj (.fardata)
                  008524cc    00000008     sc_os.obj (.fardata)
                  008524d4    00000004     rts6600_elf.lib : defs.obj (.fardata)

.cio       0    008524d8    00000120     UNINITIALIZED
                  008524d8    00000120     rts6600_elf.lib : trgmsg.obj (.cio)

.bss       0    008525f8    0000004c     UNINITIALIZED
                  008525f8    00000044     OS_CORE.obj (.bss)
                  0085263c    00000004     c66xx_init.obj (.bss)
                  00852640    00000004     ucmain.obj (.bss)

.neardata 
*          0    008525f8    00000000     UNINITIALIZED

.rodata    0    008525f8    00000000     UNINITIALIZED

.switch    0    00852644    00000030     
                  00852644    00000010     OS_FLAG.obj (.switch:OSFlagAccept)
                  00852654    00000010     OS_FLAG.obj (.switch:OSFlagPend)
                  00852664    00000010     OS_FLAG.obj (.switch:OSFlagPost)

.cinit     0    00852674    000000c8     
                  00852674    00000094     (.cinit..fardata.load) [load image, compression = rle]
                  00852708    0000000c     (__TI_handler_table)
                  00852714    00000008     (.cinit..bss.load) [load image, compression = zero_init]
                  0085271c    00000008     (.cinit..far.load) [load image, compression = zero_init]
                  00852724    00000018     (__TI_cinit_table)

.text:vecs 
*          0    00852800    00000200     
                  00852800    00000200     c66xx_vectors.obj (.text:vecs)

.sysmem    0    80000000    00008000     UNINITIALIZED
                  80000000    00000008     rts6600_elf.lib : memory.obj (.sysmem)
                  80000008    00007ff8     --HOLE--


LINKER GENERATED COPY TABLES

__TI_cinit_table @ 00852724 records: 3, size/record: 8, table size: 24
	.fardata: load addr=00852674, load size=00000094 bytes, run addr=008522d0, run size=00000208 bytes, compression=rle
	.bss: load addr=00852714, load size=00000008 bytes, run addr=008525f8, run size=0000004c bytes, compression=zero_init
	.far: load addr=0085271c, load size=00000008 bytes, run addr=0084d3e0, run size=000049b0 bytes, compression=zero_init


LINKER GENERATED HANDLER TABLE

__TI_handler_table @ 00852708 records: 3, size/record: 4, table size: 12
	index: 0, handler: __TI_zero_init
	index: 1, handler: __TI_decompress_rle24
	index: 2, handler: __TI_decompress_none


GLOBAL SYMBOLS: SORTED ALPHABETICALLY BY Name 

address    name
--------   ----
00846da8   AckTimerInt
008481b4   BSP_AckDspInterrupt
0084b290   BSP_ArchInit
00849cf4   BSP_ClearAllSpinlock
008482ac   BSP_ClearDspInterrupt
00848308   BSP_ClearDspInterruptAll
0085263c   BSP_CurrentMode
00848154   BSP_DisableDspInterrupt
0084a508   BSP_DisableIer
0084a4a8   BSP_DisableInt
008480f4   BSP_EnableDspInterrupt
0084a4ec   BSP_EnableIer
0084a4b8   BSP_EnableInt
00846f08   BSP_GetC6xTimer
00840ee0   BSP_GetCicChip
00845524   BSP_GetCurCombineAllState
00845488   BSP_GetCurCombineState
00845334   BSP_GetCurCorepac
00845310   BSP_GetCurCorepacIntc
0084a488   BSP_GetCurDp
008453f0   BSP_GetCurEvent
0084a490   BSP_GetCurSp
00848328   BSP_GetExecutionState
00849cc0   BSP_GetSpinlock
00849d40   BSP_GetSpinlockIrqSaved
00846e4c   BSP_InitC6xTimer
00841a30   BSP_InitCic
00845358   BSP_InitCurCorepac
0084a450   BSP_InitializeIntCtr
0084a440   BSP_InitializeVector
0084a4e0   BSP_IntMaskRestore
0084a4d0   BSP_IntMaskSave
00848380   BSP_IsrHandlerEntry
0084a594   BSP_LocalIntIrqRestore
0084a584   BSP_LocalIntIrqSave
0084a578   BSP_MemoryFence
0084a498   BSP_RawGetCoreId
0084a5ac   BSP_ReadCSR
0084a5b8   BSP_ReadIRP
0084a528   BSP_ReadIer
0084a560   BSP_ReadIfr
0084a56c   BSP_ReadTSR
00849cd0   BSP_ReleaseSpinlock
00849d58   BSP_ReleaseSpinlockIrqRestore
00848250   BSP_SetDspInterrupt
0084a5a4   BSP_SetIdle
00846af4   BSP_TimeInterruptISR
00849ce4   BSP_TryToGeSpinlock
0084a550   BSP_WriteIcr
0084a534   BSP_WriteIer
0084a544   BSP_WriteIsr
0084d360   C$$EXIT
0084d178   C$$IO$$
00840f14   CicInit
0084c7a0   HOSTclose
0084b7e0   HOSTlseek
0084bae0   HOSTopen
0084c020   HOSTread
0084a100   HOSTrename
0084c0e0   HOSTunlink
0084c1a0   HOSTwrite
00846b14   InitTimer
008472e8   ItDisAll
00852604   OSCPUUsage
0084a7e0   OSCtxSw
008525f8   OSCtxSwCtr
008525fc   OSEventFreeList
008503e0   OSEventTbl
00840000   OSFlagAccept
008402a4   OSFlagCreate
00840344   OSFlagDel
00852600   OSFlagFreeList
008404d8   OSFlagPend
00840900   OSFlagPost
00840b50   OSFlagQuery
00850400   OSFlagTbl
0085261c   OSIdleCtr
00852608   OSIdleCtrMax
0085260c   OSIdleCtrRun
00841d40   OSInit
00847358   OSInitHookBegin
00847360   OSInitHookEnd
00847324   OSIntCtxSw
0084a8ac   OSIntCtxSwRestore
00841d78   OSIntEnter
00841dac   OSIntExit
00852612   OSIntExitY
00852611   OSIntNesting
00852613   OSLockNesting
008522b0   OSMapTbl
008473e0   OSMemCreate
00852630   OSMemFreeList
00847530   OSMemGet
008475b0   OSMemPut
00847634   OSMemQuery
00851780   OSMemTbl
00852614   OSPrioCur
00852615   OSPrioHighRdy
008442e0   OSQAccept
00844384   OSQCreate
008444a8   OSQDel
00844680   OSQFlush
00852634   OSQFreeList
008446e8   OSQPend
00844884   OSQPost
00844964   OSQPostFront
00844a50   OSQPostOpt
00844bb8   OSQQuery
008517f0   OSQTbl
00852616   OSRdyGrp
00850c40   OSRdyTbl
0084a780   OSRestoreHighRdy
00852617   OSRunning
00841e78   OSSchedLock
00841ec0   OSSchedUnlock
00841f28   OSStart
008472f8   OSStartHighRdy
00841fc8   OSStatInit
00852610   OSStatRdy
00852620   OSTCBCur
00852624   OSTCBFreeList
00852628   OSTCBHighRdy
008473b0   OSTCBInitHook
0085262c   OSTCBList
00851450   OSTCBPrioTbl
008514d0   OSTCBTbl
00842ac0   OSTaskChangePrio
00842dc8   OSTaskCreate
00842ed4   OSTaskCreateExt
00847364   OSTaskCreateHook
00852618   OSTaskCtr
00843034   OSTaskDel
00847370   OSTaskDelHook
008432cc   OSTaskDelReq
008473c4   OSTaskIdleHook
00850c50   OSTaskIdleStk
00843718   OSTaskQuery
00843394   OSTaskResume
008473ac   OSTaskStatHook
00850440   OSTaskStatStk
0084348c   OSTaskStkChk
00846f60   OSTaskStkInit
008435b4   OSTaskSuspend
00847380   OSTaskSwHook
00852638   OSTime
008477e0   OSTimeDly
00847874   OSTimeDlyHMSM
008479c4   OSTimeDlyResume
00847ab0   OSTimeGet
00847ad4   OSTimeSet
00842014   OSTimeTick
008473c0   OSTimeTickHook
00851fb0   OSUnMapTbl
00842118   OSVersion
00842120   OS_Dummy
008472c4   OS_ENTER_CRITICAL
008472d4   OS_EXIT_CRITICAL
00842354   OS_EventTO
00842124   OS_EventTaskRdy
00842298   OS_EventTaskWait
008423d0   OS_EventWaitListInit
00840cf4   OS_FlagInit
00840e48   OS_FlagUnlink
008476e8   OS_MemInit
00844ce0   OS_QInit
008426f8   OS_Sched
00842894   OS_TCBInit
008427a8   OS_TaskIdle
008427d0   OS_TaskStat
0084a090   Scropius_ISRHandlerEntry
0084e3e0   TASK0_STK
0084d3e0   TASK1_STK
0084f3e0   TASK_START_STK
0084aeac   Task0
0084aed0   Task1
0084ae48   TaskStart
008524d8   __CIOBUF_
00852724   __TI_CINIT_Base
0085273c   __TI_CINIT_Limit
00852708   __TI_Handler_Table_Base
00852714   __TI_Handler_Table_Limit
00840000   __TI_STACK_END
00040000   __TI_STACK_SIZE
008525f8   __TI_STATIC_BASE
00008000   __TI_SYSMEM_SIZE
00000001   __TI_args_main
0084d3a0   __TI_decompress_none
0084d3c0   __TI_decompress_rle24
008524bc   __TI_enable_exit_profile_output
ffffffff   __TI_pprof_out_hndl
ffffffff   __TI_prof_data_size
ffffffff   __TI_prof_data_start
0084be60   __TI_zero_init
ffffffff   __binit__
00845620   __c6xabi_divd
0084c260   __c6xabi_divu
0084a2a0   __c6xabi_divul
008490c0   __c6xabi_divull
0084af40   __c6xabi_frcmpyd_div
0084d180   __c6xabi_isinf
0084cca0   __c6xabi_llshl
0084cfa0   __c6xabi_llshru
0084d2c0   __c6xabi_negll
0084d240   __c6xabi_strasgi_64plus
ffffffff   __c_args__
0084c260   __divu
0084d240   __strasgi_64plus
0084d2e0   __tdeh_init
0084d280   _args_main
0084ac40   _auto_init_elf
0084cd20   _c_int00
0084c320   _cleanup
008524b4   _cleanup_ptr
00851ea0   _ctypes_
0084c3e0   _doflush
008524b8   _dtors_ptr
008524d4   _ft_end
008522d0   _ftable
00852438   _lock
0084cda0   _minit
0084d300   _nop
00846660   _printfi
00800000   _stack
0084d000   _subcull
80000000   _sys_memory
00851ae0   _tmpnams
0085243c   _unlock
00852800   _vectors
0084b8e0   _wrt_ok
0084d360   abort
0084bca0   atoi
ffffffff   binit
008524cc   c6x_timer
00843d4c   c_int10
00843e34   c_int11
00843f24   c_int12
00844010   c_int13
00844100   c_int14
008441ec   c_int15
008437c0   c_int4
008438ac   c_int5
00843994   c_int6
00843a84   c_int7
00843b70   c_int8
00843c60   c_int9
0084bd80   close
0084b9e0   copy_in
008519e0   core0_tick
008519f0   core1_tick
0084bf40   exit
0084b6c0   fclose
0084b320   fputc
00847b00   fputs
00848e40   free
0084c4a0   fseek
00849fb4   illegal_vectors
008489a0   init_core
00848a38   init_os
00849fd8   init_vectors
0084c560   lseek
0084c620   ltoa
0084d060   main
0084a5e0   malloc
0084d0c0   memccpy
0084cc00   memcpy
0084cc54   memset
0084ce20   printf
0084b320   putc
0084cea0   readmsg
0084cf20   remove
00849f40   sc_request_irq
00848b98   sc_timer_tick
0084a920   setvbuf
00848b68   start_core
0084aef4   sys_tick_handler
00851820   timer_devs
0084adec   ucmain
0084cf20   unlink
0084c6e0   write
0084d120   writemsg


GLOBAL SYMBOLS: SORTED BY Symbol Address 

address    name
--------   ----
00000001   __TI_args_main
00008000   __TI_SYSMEM_SIZE
00040000   __TI_STACK_SIZE
00800000   _stack
00840000   OSFlagAccept
00840000   __TI_STACK_END
008402a4   OSFlagCreate
00840344   OSFlagDel
008404d8   OSFlagPend
00840900   OSFlagPost
00840b50   OSFlagQuery
00840cf4   OS_FlagInit
00840e48   OS_FlagUnlink
00840ee0   BSP_GetCicChip
00840f14   CicInit
00841a30   BSP_InitCic
00841d40   OSInit
00841d78   OSIntEnter
00841dac   OSIntExit
00841e78   OSSchedLock
00841ec0   OSSchedUnlock
00841f28   OSStart
00841fc8   OSStatInit
00842014   OSTimeTick
00842118   OSVersion
00842120   OS_Dummy
00842124   OS_EventTaskRdy
00842298   OS_EventTaskWait
00842354   OS_EventTO
008423d0   OS_EventWaitListInit
008426f8   OS_Sched
008427a8   OS_TaskIdle
008427d0   OS_TaskStat
00842894   OS_TCBInit
00842ac0   OSTaskChangePrio
00842dc8   OSTaskCreate
00842ed4   OSTaskCreateExt
00843034   OSTaskDel
008432cc   OSTaskDelReq
00843394   OSTaskResume
0084348c   OSTaskStkChk
008435b4   OSTaskSuspend
00843718   OSTaskQuery
008437c0   c_int4
008438ac   c_int5
00843994   c_int6
00843a84   c_int7
00843b70   c_int8
00843c60   c_int9
00843d4c   c_int10
00843e34   c_int11
00843f24   c_int12
00844010   c_int13
00844100   c_int14
008441ec   c_int15
008442e0   OSQAccept
00844384   OSQCreate
008444a8   OSQDel
00844680   OSQFlush
008446e8   OSQPend
00844884   OSQPost
00844964   OSQPostFront
00844a50   OSQPostOpt
00844bb8   OSQQuery
00844ce0   OS_QInit
00845310   BSP_GetCurCorepacIntc
00845334   BSP_GetCurCorepac
00845358   BSP_InitCurCorepac
008453f0   BSP_GetCurEvent
00845488   BSP_GetCurCombineState
00845524   BSP_GetCurCombineAllState
00845620   __c6xabi_divd
00846660   _printfi
00846af4   BSP_TimeInterruptISR
00846b14   InitTimer
00846da8   AckTimerInt
00846e4c   BSP_InitC6xTimer
00846f08   BSP_GetC6xTimer
00846f60   OSTaskStkInit
008472c4   OS_ENTER_CRITICAL
008472d4   OS_EXIT_CRITICAL
008472e8   ItDisAll
008472f8   OSStartHighRdy
00847324   OSIntCtxSw
00847358   OSInitHookBegin
00847360   OSInitHookEnd
00847364   OSTaskCreateHook
00847370   OSTaskDelHook
00847380   OSTaskSwHook
008473ac   OSTaskStatHook
008473b0   OSTCBInitHook
008473c0   OSTimeTickHook
008473c4   OSTaskIdleHook
008473e0   OSMemCreate
00847530   OSMemGet
008475b0   OSMemPut
00847634   OSMemQuery
008476e8   OS_MemInit
008477e0   OSTimeDly
00847874   OSTimeDlyHMSM
008479c4   OSTimeDlyResume
00847ab0   OSTimeGet
00847ad4   OSTimeSet
00847b00   fputs
008480f4   BSP_EnableDspInterrupt
00848154   BSP_DisableDspInterrupt
008481b4   BSP_AckDspInterrupt
00848250   BSP_SetDspInterrupt
008482ac   BSP_ClearDspInterrupt
00848308   BSP_ClearDspInterruptAll
00848328   BSP_GetExecutionState
00848380   BSP_IsrHandlerEntry
008489a0   init_core
00848a38   init_os
00848b68   start_core
00848b98   sc_timer_tick
00848e40   free
008490c0   __c6xabi_divull
00849cc0   BSP_GetSpinlock
00849cd0   BSP_ReleaseSpinlock
00849ce4   BSP_TryToGeSpinlock
00849cf4   BSP_ClearAllSpinlock
00849d40   BSP_GetSpinlockIrqSaved
00849d58   BSP_ReleaseSpinlockIrqRestore
00849f40   sc_request_irq
00849fb4   illegal_vectors
00849fd8   init_vectors
0084a090   Scropius_ISRHandlerEntry
0084a100   HOSTrename
0084a2a0   __c6xabi_divul
0084a440   BSP_InitializeVector
0084a450   BSP_InitializeIntCtr
0084a488   BSP_GetCurDp
0084a490   BSP_GetCurSp
0084a498   BSP_RawGetCoreId
0084a4a8   BSP_DisableInt
0084a4b8   BSP_EnableInt
0084a4d0   BSP_IntMaskSave
0084a4e0   BSP_IntMaskRestore
0084a4ec   BSP_EnableIer
0084a508   BSP_DisableIer
0084a528   BSP_ReadIer
0084a534   BSP_WriteIer
0084a544   BSP_WriteIsr
0084a550   BSP_WriteIcr
0084a560   BSP_ReadIfr
0084a56c   BSP_ReadTSR
0084a578   BSP_MemoryFence
0084a584   BSP_LocalIntIrqSave
0084a594   BSP_LocalIntIrqRestore
0084a5a4   BSP_SetIdle
0084a5ac   BSP_ReadCSR
0084a5b8   BSP_ReadIRP
0084a5e0   malloc
0084a780   OSRestoreHighRdy
0084a7e0   OSCtxSw
0084a8ac   OSIntCtxSwRestore
0084a920   setvbuf
0084ac40   _auto_init_elf
0084adec   ucmain
0084ae48   TaskStart
0084aeac   Task0
0084aed0   Task1
0084aef4   sys_tick_handler
0084af40   __c6xabi_frcmpyd_div
0084b290   BSP_ArchInit
0084b320   fputc
0084b320   putc
0084b6c0   fclose
0084b7e0   HOSTlseek
0084b8e0   _wrt_ok
0084b9e0   copy_in
0084bae0   HOSTopen
0084bca0   atoi
0084bd80   close
0084be60   __TI_zero_init
0084bf40   exit
0084c020   HOSTread
0084c0e0   HOSTunlink
0084c1a0   HOSTwrite
0084c260   __c6xabi_divu
0084c260   __divu
0084c320   _cleanup
0084c3e0   _doflush
0084c4a0   fseek
0084c560   lseek
0084c620   ltoa
0084c6e0   write
0084c7a0   HOSTclose
0084cc00   memcpy
0084cc54   memset
0084cca0   __c6xabi_llshl
0084cd20   _c_int00
0084cda0   _minit
0084ce20   printf
0084cea0   readmsg
0084cf20   remove
0084cf20   unlink
0084cfa0   __c6xabi_llshru
0084d000   _subcull
0084d060   main
0084d0c0   memccpy
0084d120   writemsg
0084d178   C$$IO$$
0084d180   __c6xabi_isinf
0084d240   __c6xabi_strasgi_64plus
0084d240   __strasgi_64plus
0084d280   _args_main
0084d2c0   __c6xabi_negll
0084d2e0   __tdeh_init
0084d300   _nop
0084d360   C$$EXIT
0084d360   abort
0084d3a0   __TI_decompress_none
0084d3c0   __TI_decompress_rle24
0084d3e0   TASK1_STK
0084e3e0   TASK0_STK
0084f3e0   TASK_START_STK
008503e0   OSEventTbl
00850400   OSFlagTbl
00850440   OSTaskStatStk
00850c40   OSRdyTbl
00850c50   OSTaskIdleStk
00851450   OSTCBPrioTbl
008514d0   OSTCBTbl
00851780   OSMemTbl
008517f0   OSQTbl
00851820   timer_devs
008519e0   core0_tick
008519f0   core1_tick
00851ae0   _tmpnams
00851ea0   _ctypes_
00851fb0   OSUnMapTbl
008522b0   OSMapTbl
008522d0   _ftable
00852438   _lock
0085243c   _unlock
008524b4   _cleanup_ptr
008524b8   _dtors_ptr
008524bc   __TI_enable_exit_profile_output
008524cc   c6x_timer
008524d4   _ft_end
008524d8   __CIOBUF_
008525f8   OSCtxSwCtr
008525f8   __TI_STATIC_BASE
008525fc   OSEventFreeList
00852600   OSFlagFreeList
00852604   OSCPUUsage
00852608   OSIdleCtrMax
0085260c   OSIdleCtrRun
00852610   OSStatRdy
00852611   OSIntNesting
00852612   OSIntExitY
00852613   OSLockNesting
00852614   OSPrioCur
00852615   OSPrioHighRdy
00852616   OSRdyGrp
00852617   OSRunning
00852618   OSTaskCtr
0085261c   OSIdleCtr
00852620   OSTCBCur
00852624   OSTCBFreeList
00852628   OSTCBHighRdy
0085262c   OSTCBList
00852630   OSMemFreeList
00852634   OSQFreeList
00852638   OSTime
0085263c   BSP_CurrentMode
00852708   __TI_Handler_Table_Base
00852714   __TI_Handler_Table_Limit
00852724   __TI_CINIT_Base
0085273c   __TI_CINIT_Limit
00852800   _vectors
80000000   _sys_memory
ffffffff   __TI_pprof_out_hndl
ffffffff   __TI_prof_data_size
ffffffff   __TI_prof_data_start
ffffffff   __binit__
ffffffff   __c_args__
ffffffff   binit

[280 symbols]
