******************************************************************************
               TMS320C6x Linker PC v7.2.1                      
******************************************************************************
>> Linked Sun Oct 27 12:59:09 2013

OUTPUT FILE NAME:   <UCOSII_Double.out>
ENTRY POINT SYMBOL: "_c_int00"  address: 8000e740


MEMORY CONFIGURATION

         name            origin    length      used     unused   attr    fill
----------------------  --------  ---------  --------  --------  ----  --------
  L2_SHARED             00800000   00080000  00040120  0003fee0  RWIX
  MSMC_SHARED           0c000000   00400000  00000000  00400000  RWIX
  CORE0_L2SRAM          10800000   00080000  00000000  00080000  RWIX
  CORE1_L2SRAM          11800000   00080000  00000000  00080000  RWIX
  CORE2_L2SRAM          12800000   00080000  00000000  00080000  RWIX
  CORE3_L2SRAM          13800000   00080000  00000000  00080000  RWIX
  CORE4_L2SRAM          14800000   00080000  00000000  00080000  RWIX
  CORE5_L2SRAM          15800000   00080000  00000000  00080000  RWIX
  CORE6_L2SRAM          16800000   00080000  00000000  00080000  RWIX
  CORE7_L2SRAM          17800000   00080000  00000000  00080000  RWIX
  DDR_SHARED            80000000   20000000  0000f56c  1fff0a94  RWIX


SEGMENT ALLOCATION MAP

run origin  load origin   length   init length attrs members
----------  ----------- ---------- ----------- ----- -------
00800000    00800000    00040120   00000000    rw-
  00800000    00800000    00040000   00000000    rw- .stack
  00840000    00840000    00000120   00000000    rw- .cio
80000000    80000000    00008000   00000000    rw-
  80000000    80000000    00008000   00000000    rw- .sysmem
80008000    80008000    00006da0   00006da0    r-x
  80008000    80008000    00006da0   00006da0    r-x .text
8000eda0    8000eda0    00000220   000001dc    rw-
  8000eda0    8000eda0    000001dc   000001dc    rw- .fardata
  8000ef7c    8000ef7c    00000044   00000000    rw- .bss
8000f000    8000f000    00000388   00000388    r-x
  8000f000    8000f000    00000200   00000200    r-x .text:vecs
  8000f200    8000f200    00000188   00000188    r-- .const
8000f390    8000f390    00000180   00000000    rw-
  8000f390    8000f390    00000180   00000000    rw- .far
8000f510    8000f510    000000a4   000000a4    r--
  8000f510    8000f510    000000a4   000000a4    r-- .cinit


SECTION ALLOCATION MAP

 output                                  attributes/
section   page    origin      length       input sections
--------  ----  ----------  ----------   ----------------
.stack     0    00800000    00040000     UNINITIALIZED
                  00800000    00000008     rts6600_elf.lib : boot.obj (.stack)
                  00800008    0003fff8     --HOLE--

.cio       0    00840000    00000120     UNINITIALIZED
                  00840000    00000120     rts6600_elf.lib : trgmsg.obj (.cio)

.sysmem    0    80000000    00008000     UNINITIALIZED
                  80000000    00000008     rts6600_elf.lib : memory.obj (.sysmem)
                  80000008    00007ff8     --HOLE--

.text      0    80008000    00006da0     
                  80008000    00000b20     c66xx_itbl.obj (.text)
                  80008b20    000005e0     rts6600_elf.lib : divd.obj (.text:__c6xabi_divd)
                  80009100    000005c0                     : _printfi.obj (.text:_getarg_diouxp)
                  800096c0    000004a0                     : _printfi.obj (.text:_setfield)
                  80009b60    00000480                     : _printfi.obj (.text:_printfi)
                  80009fe0    00000300                     : fputs.obj (.text:fputs)
                  8000a2e0    000002e0                     : _printfi.obj (.text:_pproc_fwp)
                  8000a5c0    000002e0     c66xx_exception.obj (.text)
                  8000a8a0    000002c0     rts6600_elf.lib : _printfi.obj (.text:_pproc_fge)
                  8000ab60    000002a0                     : _printfi.obj (.text:fcvt)
                  8000ae00    00000280                     : _printfi.obj (.text:ecvt)
                  8000b080    00000280                     : memory.obj (.text:free)
                  8000b300    00000240                     : imath64.obj (.text:__c6xabi_divull)
                  8000b540    00000240                     : _printfi.obj (.text:_pconv_e)
                  8000b780    00000220                     : _printfi.obj (.text:_pproc_diouxp)
                  8000b9a0    00000220                     : _printfi.obj (.text:_pproc_str)
                  8000bbc0    00000200                     : _printfi.obj (.text:_pconv_g)
                  8000bdc0    000001c0                     : _printfi.obj (.text:_mcpy)
                  8000bf80    000001a0                     : trgdrv.obj (.text:HOSTrename)
                  8000c120    000001a0                     : imath40.obj (.text:__c6xabi_divul)
                  8000c2c0    000001a0     c66xx_regs.obj (.text)
                  8000c460    000001a0     rts6600_elf.lib : memory.obj (.text:malloc)
                  8000c600    000001a0                     : setvbuf.obj (.text:setvbuf)
                  8000c7a0    00000180                     : copy_decompress_rle.obj (.text:__TI_decompress_rle_core)
                  8000c920    00000180                     : autoinit.obj (.text:_auto_init_elf)
                  8000caa0    00000160                     : frcmpyd_div.obj (.text:__c6xabi_frcmpyd_div)
                  8000cc00    00000140                     : _printfi.obj (.text:_pproc_fflags)
                  8000cd40    00000140                     : fputc.obj (.text:fputc)
                  8000ce80    00000140                     : lowlev.obj (.text:getdevice)
                  8000cfc0    00000120                     : _printfi.obj (.text:_ltostr)
                  8000d0e0    00000120                     : fclose.obj (.text:fclose)
                  8000d200    00000100                     : trgdrv.obj (.text:HOSTlseek)
                  8000d300    00000100                     : _io_perm.obj (.text:_wrt_ok)
                  8000d400    00000100                     : cpy_tbl.obj (.text:copy_in)
                  8000d500    000000e0                     : trgdrv.obj (.text:HOSTopen)
                  8000d5e0    000000e0                     : _printfi.obj (.text:_div)
                  8000d6c0    000000e0                     : atoi.obj (.text:atoi)
                  8000d7a0    000000e0                     : lowlev.obj (.text:close)
                  8000d880    000000e0                     : copy_zero_init.obj (.text:decompress:ZI:__TI_zero_init)
                  8000d960    000000e0                     : exit.obj (.text:exit)
                  8000da40    000000c0                     : trgdrv.obj (.text:HOSTread)
                  8000db00    000000c0                     : trgdrv.obj (.text:HOSTunlink)
                  8000dbc0    000000c0                     : trgdrv.obj (.text:HOSTwrite)
                  8000dc80    000000c0                     : divu.obj (.text:__divu)
                  8000dd40    000000c0                     : fopen.obj (.text:_cleanup)
                  8000de00    000000c0                     : fflush.obj (.text:_doflush)
                  8000dec0    000000c0                     : fseek.obj (.text:fseek)
                  8000df80    000000c0                     : lowlev.obj (.text:lseek)
                  8000e040    000000c0                     : ltoa.obj (.text:ltoa)
                  8000e100    000000c0                     : lowlev.obj (.text:write)
                  8000e1c0    000000a0                     : trgdrv.obj (.text:HOSTclose)
                  8000e260    000000a0                     : _printfi.obj (.text:_ecpy)
                  8000e300    000000a0                     : _printfi.obj (.text:_fcpy)
                  8000e3a0    000000a0                     : _printfi.obj (.text:_pconv_f)
                  8000e440    000000a0                     : lowlev.obj (.text:finddevice)
                  8000e4e0    000000a0                     : memory.obj (.text:minsert)
                  8000e580    000000a0                     : memory.obj (.text:mremove)
                  8000e620    000000a0     string.obj (.text)
                  8000e6c0    00000080     rts6600_elf.lib : llshift.obj (.text:__c6xabi_llshl)
                  8000e740    00000080                     : boot.obj (.text:_c_int00)
                  8000e7c0    00000080                     : memory.obj (.text:_minit)
                  8000e840    00000080                     : printf.obj (.text:printf)
                  8000e8c0    00000080                     : trgmsg.obj (.text:readmsg)
                  8000e940    00000080                     : lowlev.obj (.text:unlink)
                  8000e9c0    00000060                     : llshift.obj (.text:__c6xabi_llshru)
                  8000ea20    00000060                     : imath64.obj (.text:_subcull)
                  8000ea80    00000060                     : memccpy.obj (.text:memccpy)
                  8000eae0    00000060                     : trgmsg.obj (.text:writemsg)
                  8000eb40    00000040                     : isinf.obj (.text:__c6xabi_isinf)
                  8000eb80    00000040                     : _printfi.obj (.text:__c6xabi_isnan)
                  8000ebc0    00000040                     : divd.obj (.text:__c6xabi_isnan)
                  8000ec00    00000040                     : args_main.obj (.text:_args_main)
                  8000ec40    00000020                     : negll.obj (.text:__c6xabi_negll)
                  8000ec60    00000020                     : tdeh_init.obj (.text:__tdeh_init)
                  8000ec80    00000020                     : _lock.obj (.text:_nop)
                  8000eca0    00000020                     : printf.obj (.text:_outc)
                  8000ecc0    00000020                     : printf.obj (.text:_outs)
                  8000ece0    00000020                     : exit.obj (.text:abort)
                  8000ed00    00000020     c66xx_vectors.obj (.text)
                  8000ed20    00000020     rts6600_elf.lib : copy_decompress_none.obj (.text:decompress:none:__TI_decompress_none)
                  8000ed40    00000020                     : copy_decompress_rle.obj (.text:decompress:rle24:__TI_decompress_rle24)
                  8000ed60    00000020     main.obj (.text)
                  8000ed80    00000020     sc_int.obj (.text)

.fardata   0    8000eda0    000001dc     
                  8000eda0    000000f0     rts6600_elf.lib : defs.obj (.fardata:_ftable)
                  8000ee90    00000078                     : lowlev.obj (.fardata:_device)
                  8000ef08    00000008                     : _lock.obj (.fardata)
                  8000ef10    00000050                     : lowlev.obj (.fardata:_stream)
                  8000ef60    0000000c                     : exit.obj (.fardata)
                  8000ef6c    0000000c                     : memory.obj (.fardata)
                  8000ef78    00000004                     : defs.obj (.fardata)

.bss       0    8000ef7c    00000044     UNINITIALIZED
                  8000ef7c    00000044     OS_CORE.obj (.bss)

.neardata 
*          0    8000ef7c    00000000     UNINITIALIZED

.rodata    0    8000ef7c    00000000     UNINITIALIZED

.text:vecs 
*          0    8000f000    00000200     
                  8000f000    00000200     c66xx_vectors.obj (.text:vecs)

.const     0    8000f200    00000188     
                  8000f200    00000101     rts6600_elf.lib : ctype.obj (.const:_ctypes_)
                  8000f301    00000003     --HOLE-- [fill = 0]
                  8000f304    00000058     c66xx_exception.obj (.const:.string)
                  8000f35c    00000023     rts6600_elf.lib : _printfi.obj (.const:.string)
                  8000f37f    00000001     --HOLE-- [fill = 0]
                  8000f380    00000008                     : divd.obj (.const:initial_approx$1)

.far       0    8000f390    00000180     UNINITIALIZED
                  8000f390    000000d8     rts6600_elf.lib : trgdrv.obj (.far)
                  8000f468    00000008     --HOLE--
                  8000f470    000000a0                     : defs.obj (.far)

.cinit     0    8000f510    000000a4     
                  8000f510    0000006d     (.cinit..fardata.load) [load image, compression = rle]
                  8000f57d    00000003     --HOLE-- [fill = 0]
                  8000f580    0000000c     (__TI_handler_table)
                  8000f58c    00000008     (.cinit..bss.load) [load image, compression = zero_init]
                  8000f594    00000008     (.cinit..far.load) [load image, compression = zero_init]
                  8000f59c    00000018     (__TI_cinit_table)


LINKER GENERATED COPY TABLES

__TI_cinit_table @ 8000f59c records: 3, size/record: 8, table size: 24
	.fardata: load addr=8000f510, load size=0000006d bytes, run addr=8000eda0, run size=000001dc bytes, compression=rle
	.bss: load addr=8000f58c, load size=00000008 bytes, run addr=8000ef7c, run size=00000044 bytes, compression=zero_init
	.far: load addr=8000f594, load size=00000008 bytes, run addr=8000f390, run size=00000180 bytes, compression=zero_init


LINKER GENERATED HANDLER TABLE

__TI_handler_table @ 8000f580 records: 3, size/record: 4, table size: 12
	index: 0, handler: __TI_zero_init
	index: 1, handler: __TI_decompress_rle24
	index: 2, handler: __TI_decompress_none


GLOBAL SYMBOLS: SORTED ALPHABETICALLY BY Name 

address    name
--------   ----
8000a694   BSP_AckDspInterrupt
8000a78c   BSP_ClearDspInterrupt
8000a7e8   BSP_ClearDspInterruptAll
8000a634   BSP_DisableDspInterrupt
8000c388   BSP_DisableIer
8000c328   BSP_DisableInt
8000a5d4   BSP_EnableDspInterrupt
8000c36c   BSP_EnableIer
8000c338   BSP_EnableInt
8000c308   BSP_GetCurDp
8000c310   BSP_GetCurSp
8000a808   BSP_GetExecutionState
8000c2d0   BSP_InitializeIntCtr
8000c2c0   BSP_InitializeVector
8000c360   BSP_IntMaskRestore
8000c350   BSP_IntMaskSave
8000a860   BSP_IsrHandlerEntry
8000c414   BSP_LocalIntIrqRestore
8000c404   BSP_LocalIntIrqSave
8000c3f8   BSP_MemoryFence
8000c318   BSP_RawGetCoreId
8000c42c   BSP_ReadCSR
8000c438   BSP_ReadIRP
8000c3a8   BSP_ReadIer
8000c3e0   BSP_ReadIfr
8000c3ec   BSP_ReadTSR
8000a730   BSP_SetDspInterrupt
8000c424   BSP_SetIdle
8000c3d0   BSP_WriteIcr
8000c3b4   BSP_WriteIer
8000c3c4   BSP_WriteIsr
8000ece0   C$$EXIT
8000eb38   C$$IO$$
8000e1c0   HOSTclose
8000d200   HOSTlseek
8000d500   HOSTopen
8000da40   HOSTread
8000bf80   HOSTrename
8000db00   HOSTunlink
8000dbc0   HOSTwrite
8000ef88   OSCPUUsage
8000ef7c   OSCtxSwCtr
8000ef80   OSEventFreeList
8000ef84   OSFlagFreeList
8000efa0   OSIdleCtr
8000ef8c   OSIdleCtrMax
8000ef90   OSIdleCtrRun
8000ef96   OSIntExitY
8000ef95   OSIntNesting
8000ef97   OSLockNesting
8000efb4   OSMemFreeList
8000ef98   OSPrioCur
8000ef99   OSPrioHighRdy
8000efb8   OSQFreeList
8000ef9a   OSRdyGrp
8000ef9b   OSRunning
8000ef94   OSStatRdy
8000efa4   OSTCBCur
8000efa8   OSTCBFreeList
8000efac   OSTCBHighRdy
8000efb0   OSTCBList
8000ef9c   OSTaskCtr
8000efbc   OSTime
8000ed80   Scropius_ISRHandlerEntry
00840000   __CIOBUF_
8000f59c   __TI_CINIT_Base
8000f5b4   __TI_CINIT_Limit
8000f580   __TI_Handler_Table_Base
8000f58c   __TI_Handler_Table_Limit
00840000   __TI_STACK_END
00040000   __TI_STACK_SIZE
8000ef7c   __TI_STATIC_BASE
00008000   __TI_SYSMEM_SIZE
00000001   __TI_args_main
8000ed20   __TI_decompress_none
8000ed40   __TI_decompress_rle24
8000ef68   __TI_enable_exit_profile_output
ffffffff   __TI_pprof_out_hndl
ffffffff   __TI_prof_data_size
ffffffff   __TI_prof_data_start
8000d880   __TI_zero_init
ffffffff   __binit__
80008b20   __c6xabi_divd
8000dc80   __c6xabi_divu
8000c120   __c6xabi_divul
8000b300   __c6xabi_divull
8000caa0   __c6xabi_frcmpyd_div
8000eb40   __c6xabi_isinf
8000e6c0   __c6xabi_llshl
8000e9c0   __c6xabi_llshru
8000ec40   __c6xabi_negll
ffffffff   __c_args__
8000dc80   __divu
8000ec60   __tdeh_init
8000ec00   _args_main
8000c920   _auto_init_elf
8000e740   _c_int00
8000dd40   _cleanup
8000ef60   _cleanup_ptr
8000f200   _ctypes_
8000de00   _doflush
8000ef64   _dtors_ptr
8000ef78   _ft_end
8000eda0   _ftable
8000ef08   _lock
8000e7c0   _minit
8000ec80   _nop
80009b60   _printfi
00800000   _stack
8000ea20   _subcull
80000000   _sys_memory
8000f470   _tmpnams
8000ef0c   _unlock
8000f000   _vectors
8000d300   _wrt_ok
8000ece0   abort
8000d6c0   atoi
ffffffff   binit
8000858c   c_int10
80008674   c_int11
80008764   c_int12
80008850   c_int13
80008940   c_int14
80008a2c   c_int15
80008000   c_int4
800080ec   c_int5
800081d4   c_int6
800082c4   c_int7
800083b0   c_int8
800084a0   c_int9
8000d7a0   close
8000d400   copy_in
8000d960   exit
8000d0e0   fclose
8000cd40   fputc
80009fe0   fputs
8000b080   free
8000dec0   fseek
8000df80   lseek
8000e040   ltoa
8000ed60   main
8000c460   malloc
8000ea80   memccpy
8000e620   memcpy
8000e674   memset
8000e840   printf
8000cd40   putc
8000e8c0   readmsg
8000e940   remove
8000c600   setvbuf
8000e940   unlink
8000e100   write
8000eae0   writemsg


GLOBAL SYMBOLS: SORTED BY Symbol Address 

address    name
--------   ----
00000001   __TI_args_main
00008000   __TI_SYSMEM_SIZE
00040000   __TI_STACK_SIZE
00800000   _stack
00840000   __CIOBUF_
00840000   __TI_STACK_END
80000000   _sys_memory
80008000   c_int4
800080ec   c_int5
800081d4   c_int6
800082c4   c_int7
800083b0   c_int8
800084a0   c_int9
8000858c   c_int10
80008674   c_int11
80008764   c_int12
80008850   c_int13
80008940   c_int14
80008a2c   c_int15
80008b20   __c6xabi_divd
80009b60   _printfi
80009fe0   fputs
8000a5d4   BSP_EnableDspInterrupt
8000a634   BSP_DisableDspInterrupt
8000a694   BSP_AckDspInterrupt
8000a730   BSP_SetDspInterrupt
8000a78c   BSP_ClearDspInterrupt
8000a7e8   BSP_ClearDspInterruptAll
8000a808   BSP_GetExecutionState
8000a860   BSP_IsrHandlerEntry
8000b080   free
8000b300   __c6xabi_divull
8000bf80   HOSTrename
8000c120   __c6xabi_divul
8000c2c0   BSP_InitializeVector
8000c2d0   BSP_InitializeIntCtr
8000c308   BSP_GetCurDp
8000c310   BSP_GetCurSp
8000c318   BSP_RawGetCoreId
8000c328   BSP_DisableInt
8000c338   BSP_EnableInt
8000c350   BSP_IntMaskSave
8000c360   BSP_IntMaskRestore
8000c36c   BSP_EnableIer
8000c388   BSP_DisableIer
8000c3a8   BSP_ReadIer
8000c3b4   BSP_WriteIer
8000c3c4   BSP_WriteIsr
8000c3d0   BSP_WriteIcr
8000c3e0   BSP_ReadIfr
8000c3ec   BSP_ReadTSR
8000c3f8   BSP_MemoryFence
8000c404   BSP_LocalIntIrqSave
8000c414   BSP_LocalIntIrqRestore
8000c424   BSP_SetIdle
8000c42c   BSP_ReadCSR
8000c438   BSP_ReadIRP
8000c460   malloc
8000c600   setvbuf
8000c920   _auto_init_elf
8000caa0   __c6xabi_frcmpyd_div
8000cd40   fputc
8000cd40   putc
8000d0e0   fclose
8000d200   HOSTlseek
8000d300   _wrt_ok
8000d400   copy_in
8000d500   HOSTopen
8000d6c0   atoi
8000d7a0   close
8000d880   __TI_zero_init
8000d960   exit
8000da40   HOSTread
8000db00   HOSTunlink
8000dbc0   HOSTwrite
8000dc80   __c6xabi_divu
8000dc80   __divu
8000dd40   _cleanup
8000de00   _doflush
8000dec0   fseek
8000df80   lseek
8000e040   ltoa
8000e100   write
8000e1c0   HOSTclose
8000e620   memcpy
8000e674   memset
8000e6c0   __c6xabi_llshl
8000e740   _c_int00
8000e7c0   _minit
8000e840   printf
8000e8c0   readmsg
8000e940   remove
8000e940   unlink
8000e9c0   __c6xabi_llshru
8000ea20   _subcull
8000ea80   memccpy
8000eae0   writemsg
8000eb38   C$$IO$$
8000eb40   __c6xabi_isinf
8000ec00   _args_main
8000ec40   __c6xabi_negll
8000ec60   __tdeh_init
8000ec80   _nop
8000ece0   C$$EXIT
8000ece0   abort
8000ed20   __TI_decompress_none
8000ed40   __TI_decompress_rle24
8000ed60   main
8000ed80   Scropius_ISRHandlerEntry
8000eda0   _ftable
8000ef08   _lock
8000ef0c   _unlock
8000ef60   _cleanup_ptr
8000ef64   _dtors_ptr
8000ef68   __TI_enable_exit_profile_output
8000ef78   _ft_end
8000ef7c   OSCtxSwCtr
8000ef7c   __TI_STATIC_BASE
8000ef80   OSEventFreeList
8000ef84   OSFlagFreeList
8000ef88   OSCPUUsage
8000ef8c   OSIdleCtrMax
8000ef90   OSIdleCtrRun
8000ef94   OSStatRdy
8000ef95   OSIntNesting
8000ef96   OSIntExitY
8000ef97   OSLockNesting
8000ef98   OSPrioCur
8000ef99   OSPrioHighRdy
8000ef9a   OSRdyGrp
8000ef9b   OSRunning
8000ef9c   OSTaskCtr
8000efa0   OSIdleCtr
8000efa4   OSTCBCur
8000efa8   OSTCBFreeList
8000efac   OSTCBHighRdy
8000efb0   OSTCBList
8000efb4   OSMemFreeList
8000efb8   OSQFreeList
8000efbc   OSTime
8000f000   _vectors
8000f200   _ctypes_
8000f470   _tmpnams
8000f580   __TI_Handler_Table_Base
8000f58c   __TI_Handler_Table_Limit
8000f59c   __TI_CINIT_Base
8000f5b4   __TI_CINIT_Limit
ffffffff   __TI_pprof_out_hndl
ffffffff   __TI_prof_data_size
ffffffff   __TI_prof_data_start
ffffffff   __binit__
ffffffff   __c_args__
ffffffff   binit

[153 symbols]
